C51 COMPILER V9.53.0.0   MAIN                                                              06/10/2017 00:35:05 PAGE 1   


C51 COMPILER V9.53.0.0, COMPILATION OF MODULE MAIN
OBJECT MODULE PLACED IN main.OBJ
COMPILER INVOKED BY: F:\Keil_v5\C51\BIN\C51.EXE main.c LARGE OPTIMIZE(8,SPEED) BROWSE DEBUG OBJECTEXTEND TABS(2)

line level    source

   1          //-----------------------------------------------------------------------------
   2          // Includes
   3          //-----------------------------------------------------------------------------
   4          #include "compiler_defs.h"
   5          #include "C8051F500_defs.h"            // SFR declarations
   6          #include "Display.h"
   7          //-----------------------------------------------------------------------------
   8          // Type Definitions
   9          //-----------------------------------------------------------------------------
  10          
  11          typedef union UU64
  12          {
  13             U32 U32[2];
  14             U16 U16[4];
  15             U8 U8[8];
  16          } UU64;
  17          
  18          //-----------------------------------------------------------------------------
  19          // Function Prototypes
  20          //-----------------------------------------------------------------------------
  21          
  22          void OSCILLATOR_Init (void);
  23          void PORT_Init (void);
  24          void CAN0_Init (void);
  25          void ADC0_Init(void);
  26          void Timer_Init(void);
  27           
  28          void CAN0_TransferMO (U8 obj_num);
  29          void Yunzhuanwei(void);
  30          void Chuzhiwei(void);
  31          void Quanzhidongwei(void);
  32          void Yizhiwei(void);
  33          void Chonglianwei(void);
  34          void Jinjiwei(void);
  35          void Syunzhuanwei();
  36          void Szhidongwei();
  37          void Ceya();
  38          
  39          INTERRUPT_PROTO (CAN0_ISR, INTERRUPT_CAN0);
  40          INTERRUPT_PROTO (TIMER0_ISR, INTERRUPT_TIMER0);
  41          INTERRUPT_PROTO (TIMER2_ISR, INTERRUPT_TIMER2);
  42          INTERRUPT_PROTO (TIMER3_ISR, INTERRUPT_TIMER3);
  43          INTERRUPT_PROTO (ADC0_ISR, INTERRUPT_ADC0_EOC);
  44          
  45          //-----------------------------------------------------------------------------
  46          // Global Constants
  47          //-----------------------------------------------------------------------------
  48          
  49          #define SYSCLK       24000000          // System clock speed in Hz
  50          
  51          #define MESSAGE_OBJECTS    32          // Number of message objects to use
  52                                                 // Range is 1-32
  53          #define MESSAGE_SIZE        8          // Size in bytes of each CAN message
  54                                                 // Range is 1-8
  55          
C51 COMPILER V9.53.0.0   MAIN                                                              06/10/2017 00:35:05 PAGE 2   

  56          #define RX_COMPLETE_MASK  0xFFFFFFFF   // Set this to (2^MESSAGE_OBJECTS - 1)
  57          
  58          //-----------------------------------------------------------------------------
  59          // Bit Definition Masks
  60          //-----------------------------------------------------------------------------
  61          
  62          // CAN0STAT
  63          #define BOff  0x80                     // Busoff Status
  64          #define EWarn 0x40                     // Warning Status
  65          #define EPass 0x20                     // Error Passive
  66          #define RxOk  0x10                     // Receive Message Successfully
  67          #define TxOk  0x08                     // Transmitted Message Successfully
  68          #define LEC   0x07                     // Last Error Code
  69          
  70          //-----------------------------------------------------------------------------
  71          // Pin Definitions
  72          //-----------------------------------------------------------------------------
  73          
  74          SBIT (LED, SFR_P1, 3);                 // LED = 1 turns on the LED
  75          
  76          //-----------------------------------------------------------------------------
  77          // Global Variables
  78          //-----------------------------------------------------------------------------
  79          #define IPM_ID 0x001
  80          #define EBV_ID 0x002
  81          #define Broadcast_ID 0x003
  82          #define ERCP_ID 0x010
  83          #define BPCP_ID 0x011
  84          #define CP16_ID 0x012
  85          #define CP20_ID 0x013
  86          #define CP13_ID 0x014
  87          #define TIMER2_RELOAD  200000000
  88          #define ANALOG_INPUTS    4
  89          #define ERBU_ON (P1 &= ~0x40)
  90          #define ERBU_OFF (P1 |= 0x40)
  91          #define MV13S_ON ( P2 &= ~0x40)
  92          #define MV13S_OFF (P2 |= 0x40)
  93          #define MRCUT_ON (P2 &= ~0x80)
  94          #define MRCUT_OFF (P2 |= 0x80)
  95          //dispaly number define
  96          U8 dis[10]={ 0xC0,0xF9,0xA4,0xB0,0x99,0x92,0x82,0xF8,0x80,0x90 };
  97                             //   0    1    2    3    4    5    6    7    8    9 
  98          bit CAN_ERROR = 0;                     // 0 = No Errors occurred
  99                                                 // 1 = Some error(s) occurred
 100          U8 FaultCode = 0x00;
 101          U8 CAN_Tx_Buf[8] = {0xf1, 0x02, 0x03, 0x04, 0x05, 0x06, 0x07, 0x08};
 102          U8 CAN_Rx_Buf[8];
 103          U8 CAN_RX_COMPLETE;    
 104          U8 Rx_CP16_OK = 0;              
 105          
 106          U8 PIN_TABLE[ANALOG_INPUTS] = {0x00, 0x01, 0x02, 0x03};
 107          U8 AMUX_INPUT = 0;
 108          U8 PWM_Count = 0;
 109          U8 PWM_Period = 100;
 110          U8 PWM_APP = 0;
 111          U8 PWM_REL = 0;
 112          //-----------------------------------------------------------------------------
 113          // MAIN Routine
 114          //-----------------------------------------------------------------------------
 115          
 116          void main (void)
 117          {
C51 COMPILER V9.53.0.0   MAIN                                                              06/10/2017 00:35:05 PAGE 3   

 118   1         SFRPAGE = ACTIVE_PAGE;              // Set for PCA0MD
 119   1      
 120   1         PCA0MD &= ~0x40;                    // Disable Watchdog Timer
 121   1      
 122   1         OSCILLATOR_Init ();                 // Initialize oscillator
 123   1         PORT_Init ();                       // Initialize crossbar and GPIO
 124   1         CAN0_Init ();                       // Start CAN peripheral
 125   1         ADC0_Init ();
 126   1         Timer_Init ();
 127   1      
 128   1         EIE2 |= 0x02;                       // Enable CAN interupts
 129   1         EA = 1;                             // Enable global interrupts
 130   1         P2 |= 0xC0;
 131   1         while (1)
 132   1         {
 133   2            smg_display(1, 3, 0xc, 18);
 134   2          if(Rx_CP16_OK)
 135   2          {
 136   3            CAN0_TransferMO(IPM_ID);
 137   3            Rx_CP16_OK = 0;
 138   3          }
 139   2           if( CAN_Rx_Buf[1] == 0x01)
 140   2           {
 141   3              CAN_Tx_Buf[0] = CAN_Rx_Buf[0];
 142   3              CAN_Tx_Buf[1] = CAN_Rx_Buf[1];
 143   3              CAN_Tx_Buf[2] = CP16_ID;
 144   3              CAN_Tx_Buf[3] = FaultCode;
 145   3              CAN_Tx_Buf[4] = 0x00;
 146   3              CAN_Tx_Buf[5] = 0x00;
 147   3              CAN_Tx_Buf[6] = 0x00;
 148   3              CAN_Tx_Buf[7] = 0x00;
 149   3            }
 150   2           TxCount++;
*** ERROR C202 IN LINE 150 OF main.c: 'TxCount': undefined identifier
 151   2          if(TxCount > 1000 )
*** ERROR C202 IN LINE 151 OF main.c: 'TxCount': undefined identifier
 152   2          { 
 153   3            CAN0_TransferMO(IPM_ID);
 154   3            TxCount = 0;
*** ERROR C202 IN LINE 154 OF main.c: 'TxCount': undefined identifier
 155   3          }
 156   2         }
 157   1      }
 158          
 159          //-----------------------------------------------------------------------------
 160          // Initialization Subroutines
 161          //-----------------------------------------------------------------------------
 162          
 163          void OSCILLATOR_Init (void)
 164          {
 165   1         U8 SFRPAGE_save = SFRPAGE;
 166   1         SFRPAGE = CONFIG_PAGE;
 167   1      
 168   1         OSCICN = 0x87;                      // Set internal oscillator divider to 1
 169   1      
 170   1         SFRPAGE = SFRPAGE_save;
 171   1      }
 172          
 173          //-----------------------------------------------------------------------------
 174          // PORT_Init
 175          //-----------------------------------------------------------------------------
 176          
C51 COMPILER V9.53.0.0   MAIN                                                              06/10/2017 00:35:05 PAGE 4   

 177          void PORT_Init (void)
 178          {
 179   1         U8 SFRPAGE_save = SFRPAGE;
 180   1         SFRPAGE  = CONFIG_PAGE;             // Port SFR's on Configuration page
 181   1        
 182   1         P0SKIP |= 0x01;                     // Skip P0.0 (VREF)
 183   1         P0MDIN &= ~0x01;                   // Set VREF to analog
 184   1         P0MDOUT  |= 0x40;                   // P0.6 (CAN0 TX) is push-pull
 185   1         P1MDOUT  |= 0x08;                   // P1.3 (LED) is push-pull
 186   1         P1MDOUT &= 0xbf;                   //P1^6 open drain for relay
 187   1         P2SKIP |= 0x0f;                     // Skip P2.0,P2.1,P2.2,P2.3(ADC input)
 188   1         P2MDIN &= ~0x0f;                   // Set P2.0,P2.1,P2.2,P2.3 as an analog input
 189   1         P2MDOUT |= 0xc0;                    //P2.6/7 for driving mosfet
 190   1         P3MDOUT |= 0xff;                            //P3 is push-pull to drive the LED.
 191   1         P4MDOUT |= 0x03;                            //P4   
 192   1      
 193   1         XBR0     = 0x02;                    // Enable CAN0 on Crossbar
 194   1         XBR2     = 0x40;                    // Enable Crossbar and weak pull-ups
 195   1      
 196   1         SFRPAGE = SFRPAGE_save;
 197   1      }
 198          
 199          //-----------------------------------------------------------------------------
 200          // ADC0_Init
 201          //-----------------------------------------------------------------------------
 202          void ADC0_Init(void)
 203          {
 204   1        U8 SFRPAGE_save = SFRPAGE;
 205   1         SFRPAGE = ACTIVE_PAGE;
 206   1      
 207   1         ADC0CF |= 0x01;                     // Set GAINEN = 1
 208   1         ADC0H   = 0x04;                     // Load the ADC0GNH address
 209   1         ADC0L   = 0x6C;                     // Load the upper byte of 0x6CA to 
 210   1                                             // ADC0GNH
 211   1         ADC0H   = 0x07;                     // Load the ADC0GNL address
 212   1         ADC0L   = 0xA0;                     // Load the lower nibble of 0x6CA to 
 213   1                                             // ADC0GNL
 214   1         ADC0H   = 0x08;                     // Load the ADC0GNA address
 215   1         ADC0L   = 0x01;                     // Set the GAINADD bit
 216   1         ADC0CF &= ~0x01;                    // Set GAINEN = 0
 217   1      
 218   1         ADC0CN = 0x03;                      // ADC0 disabled, normal tracking,
 219   1                                             // conversion triggered on TMR2 overflow
 220   1                                             // Output is right-justified
 221   1      
 222   1         REF0CN = 0x33;                      // Enable on-chip VREF and buffer
 223   1                                             // Set voltage reference to 2.25V
 224   1      
 225   1         ADC0MX = 0x0A;                      // Set ADC input to P1.2
 226   1      
 227   1         ADC0CF = ((SYSCLK / 3000000) - 1) << 3;   // Set SAR clock to 3MHz
 228   1      
 229   1         EIE1 |= 0x04;                       // Enable ADC0 conversion complete int.
 230   1      
 231   1         AD0EN = 1;                          // Enable ADC0
 232   1      
 233   1         SFRPAGE = SFRPAGE_save;
 234   1      
 235   1      }
 236          
 237          
 238          //-----------------------------------------------------------------------------
C51 COMPILER V9.53.0.0   MAIN                                                              06/10/2017 00:35:05 PAGE 5   

 239          // Timer_Init
 240          //-----------------------------------------------------------------------------
 241          void Timer_Init(void)
 242          {
 243   1         U8 SFRPAGE_save = SFRPAGE;
 244   1         SFRPAGE = ACTIVE_PAGE;
 245   1       
 246   1          CKCON = 0x00;     //t1 t0 use the sys-clock/12,t3 t2 refer to TMRXCN
 247   1          
 248   1         TCON      = 0x00;      //t1 don't run temporarily,t0 don't run 
 249   1         TMOD      = 0x21;      //t1 8bit reload timer,t0 16bit timer
 250   1         TL0       = 0x90;  
 251   1         TH0       = 0xE8;      //3ms,based on 2MHz clock           ℅“車?車迆??DD?D?車那??邦芍?3ms?“那㊣
 252   1         TR0 = 1;
 253   1         ET0 = 1;
 254   1      
 255   1         TMR2CN = 0x00;                      // Stop Timer2; Clear TF2;
 256   1                                             // use SYSCLK as timebase, 16-bit
 257   1                                             // auto-reload
 258   1         CKCON |= 0x10;                      // Select SYSCLK for timer 2 source
 259   1         TMR2RL = 65535 - (SYSCLK / 10000);  // Init reload value for 10 us
 260   1         TMR2 = 0xFFFF;                      // Set to reload immediately
 261   1         ET2 = 1;                            // Enable Timer2 interrupts
 262   1         TR2 = 1;                            // Start Timer2
 263   1      
 264   1         PT2 = 1;
 265   1      
 266   1          TMR3CN    = 0x00;     //t3 16bit reload timer,don't run,sys-clock/12
 267   1          //TMR3RL = 20000;
 268   1          //TMR3 = 0xffff;
 269   1          TMR3RLL   = 0x30;
 270   1          TMR3RLH   = 0xf8;
 271   1          TMR3L     = 0x30;
 272   1          TMR3H     = 0xf8;     //    車?車迆S㏒?ms?“那㊣ */
 273   1          TMR3CN |= 0x04;       //run timer3
 274   1      
 275   1         SFRPAGE = SFRPAGE_save;
 276   1      }
 277          //-----------------------------------------------------------------------------
 278          // CAN0_Init
 279          //-----------------------------------------------------------------------------
 280          void CAN0_Init (void)
 281          {
 282   1         U8 iter;
 283   1      
 284   1         U8 SFRPAGE_save = SFRPAGE;
 285   1         SFRPAGE  = CAN0_PAGE;               // All CAN register are on page 0x0C
 286   1      
 287   1         CAN0CN |= 0x01;                     // Start Intialization mode
 288   1      
 289   1         //---------Initialize general CAN peripheral settings
 290   1      
 291   1         CAN0CN |= 0x4E;                     // Enable Status, Error,
 292   1                                             // Module Interrupts
 293   1                                             // Enable access to bit timing register
 294   1      
 295   1         // See the CAN Bit Timing Spreadsheet for how to calculate this value
 296   1         CAN0BT = 0x1402;                    // Based on 24 Mhz CAN clock, set the
 297   1                                             // CAN bit rate to 1 Mbps
 298   1      
 299   1         //---------Initialize settings common to all message objects
 300   1      
C51 COMPILER V9.53.0.0   MAIN                                                              06/10/2017 00:35:05 PAGE 6   

 301   1         // Command Mask Register
 302   1         CAN0IF1CM = 0x00F0;                 // Write Operation
 303   1                                             // Transfer ID Mask, MDir, MXtd
 304   1                                             // Transfer ID, Dir, Xtd, MsgVal
 305   1                                             // Transfer Control Bits
 306   1                                             // Don't set TxRqst or transfer data
 307   1      
 308   1         // Mask Registers
 309   1         CAN0IF1M1 = 0x0000;                 // Mask Bits 15-0 not used for filtering
 310   1         CAN0IF1M2 = 0x5FFC;                 // Ignore Extended Identifier for
 311   1                                             // filtering
 312   1                                             // Used Direction bit for filtering
 313   1                                             // Use ID bits 28-18 for filtering
 314   1      
 315   1         // Arbitration Registers
 316   1         CAN0IF1A1 = 0x0000;                 // 11-bit ID, so lower 16-bits not used
 317   1      
 318   1         // Message Control Registers
 319   1         CAN0IF1MC = 0x1480 | MESSAGE_SIZE;  // Enable Receive Interrupt
 320   1                                             // Message Object is a Single Message
 321   1                                             // Message Size set by #define
 322   1      
 323   1      
 324   1         //---------Initialize unique settings for Rx message object
 325   1      
 326   1         // Arbitration Registers
 327   1         CAN0IF1A2 = 0x8000 | (CP13_ID << 2);  // Set MsgVal to valid
 328   1                                               // Set Object Direction to read
 329   1                                               // Set 11-bit Identifier to iter
 330   1      
 331   1         CAN0IF1CR = CP13_ID;                // Start command request
 332   1      
 333   1            while (CAN0IF1CRH & 0x80) {}       // Poll on Busy bit
 334   1      
 335   1         CAN0IF1A2 = 0x8000 | (Broadcast_ID << 2);  // Set MsgVal to valid
 336   1                                               // Set Object Direction to read
 337   1                                               // Set 11-bit Identifier to iter
 338   1      
 339   1         CAN0IF1CR = Broadcast_ID;                // Start command request
 340   1      
 341   1            while (CAN0IF1CRH & 0x80) {}       // Poll on Busy bit
 342   1         // Message Control Registers
 343   1         CAN0IF1MC = 0x0080 | MESSAGE_SIZE;  // Disable Transmit Interrupt
 344   1                                             // Message Object is a Single Message
 345   1                                             // Message Size set by #define
 346   1      
 347   1         //---------Initialize unique settings for Tx message object
 348   1         // Arbitration Registers
 349   1         CAN0IF1A2 = 0xA000 | (IPM_ID << 2);  // Set MsgVal to valid
 350   1                                               // Set Direction to write
 351   1                                               // Set 11-bit Identifier to iter
 352   1      
 353   1         CAN0IF1CR = IPM_ID;                // Start command request
 354   1      
 355   1         while (CAN0IF1CRH & 0x80) {}       // Poll on Busy bit
 356   1      
 357   1         //---------Initialize settings for unused message objects
 358   1      
 359   1         for (iter = 0; iter < MESSAGE_OBJECTS; iter++)
 360   1         {
 361   2          if(iter != IPM_ID && iter != Broadcast_ID && iter != CP13_ID)
 362   2         {
C51 COMPILER V9.53.0.0   MAIN                                                              06/10/2017 00:35:05 PAGE 7   

 363   3            // Set remaining message objects to be Ignored
 364   3            CAN0IF1A2 = 0x0000;              // Set MsgVal to 0 to Ignore
 365   3            CAN0IF1CR = iter;                // Start command request
 366   3      
 367   3            while (CAN0IF1CRH & 0x80) {}     // Poll on Busy bit
 368   3          }
 369   2         }
 370   1      
 371   1         CAN0CN &= ~0x41;                    // Return to Normal Mode and disable
 372   1                                             // access to bit timing register
 373   1      
 374   1         SFRPAGE = SFRPAGE_save;
 375   1      }
 376          
 377          void CAN0_TransferMO (U8 obj_num)
 378          {
 379   1         // This function assumes that the message object is fully initialized
 380   1         // in CAN0_Init and so all it has to do is fill the data registers and
 381   1         // initiate transmission
 382   1      
 383   1         U8 SFRPAGE_save = SFRPAGE;
 384   1         SFRPAGE  = CAN0_PAGE;               // All CAN register are on page 0x0C
 385   1      
 386   1         // Initialize all 8 data bytes even though they might not be sent
 387   1         // The number to send was configured earlier by setting Message Control
 388   1      
 389   1         CAN0IF1DA1L = *CAN_Tx_Buf;              // Initialize data registers based
 390   1         CAN0IF1DA1H = *(CAN_Tx_Buf + 1);          // on message object used
 391   1         CAN0IF1DA2L = *(CAN_Tx_Buf + 2);
 392   1         CAN0IF1DA2H = *(CAN_Tx_Buf + 3);
 393   1         CAN0IF1DB1L = *(CAN_Tx_Buf + 4);
 394   1         CAN0IF1DB1H = *(CAN_Tx_Buf + 5);
 395   1         CAN0IF1DB2L = *(CAN_Tx_Buf + 6);
 396   1         CAN0IF1DB2H = *(CAN_Tx_Buf + 7);
 397   1      
 398   1         CAN0IF1CM = 0x0087;                 // Set Direction to Write
 399   1                                             // Write TxRqst, all 8 data bytes
 400   1      
 401   1         CAN0IF1CR = obj_num;                // Start command request
 402   1      
 403   1         while (CAN0IF1CRH & 0x80) {}        // Poll on Busy bit
 404   1      
 405   1         SFRPAGE = SFRPAGE_save;
 406   1      }
 407          //-----------------------------------------------------------------------------
 408          // Interrupt Service Routines
 409          //-----------------------------------------------------------------------------
 410          
 411          //-----------------------------------------------------------------------------
 412          // CAN0_ISR
 413          //-----------------------------------------------------------------------------
 414          INTERRUPT (CAN0_ISR, INTERRUPT_CAN0)
 415          {
 416   1         U8 carry;
 417   1         UU32 new_data;
 418   1      
 419   1         // SFRPAGE is set to CAN0_Page automatically when ISR starts
 420   1      
 421   1         U8 status = CAN0STAT;               // Read status, which clears the Status
 422   1                                             // Interrupt bit pending in CAN0IID
 423   1      
 424   1         U8 Interrupt_ID = CAN0IID;          // Read which message object caused
C51 COMPILER V9.53.0.0   MAIN                                                              06/10/2017 00:35:05 PAGE 8   

 425   1                                             // the interrupt
 426   1         // The CAN0ND registers tell which of the 32 message objects are new.
 427   1         // Read data from CAN registers and perform 1-bit right shift with carry
 428   1         new_data.U8[b0] = CAN0ND1L;         // With a big endian compiler, assign LSB
 429   1         new_data.U8[b1] = CAN0ND1H;
 430   1         new_data.U8[b2] = CAN0ND2L;
 431   1         new_data.U8[b3] = CAN0ND2H;         // Assign MSB
 432   1         carry = new_data.U8[b0] & 0x01;     // Store carry bit
 433   1         new_data.U32 = new_data.U32 >> 1;   // Perform 1-bit shift to realign
 434   1      
 435   1         if (carry)
 436   1         { // Add carry if necessary
 437   2            new_data.U8[b3] = new_data.U8[b3] | 0x80;
 438   2         }
 439   1      
 440   1         // new_data variable will now tell which message object is new.
 441   1      
 442   1         CAN0IF1CM = 0x007F;                 // Read all of message object to IF1
 443   1                                             // Clear IntPnd and newData
 444   1      
 445   1         CAN0IF1CR = Interrupt_ID;           // Start command request
 446   1      
 447   1         while (CAN0IF1CRH & 0x80) {}           // Poll on Busy bit
 448   1      
 449   1         if (status & RxOk )                  // If transmit completed successfully
 450   1         {
 451   2             // Read all 8 data bytes to rxdata, even though they might not be valid
 452   2            CAN_Rx_Buf[0] = CAN0IF1DA1L;
 453   2            CAN_Rx_Buf[1] = CAN0IF1DA1H;
 454   2            CAN_Rx_Buf[2] = CAN0IF1DA2L;
 455   2            CAN_Rx_Buf[3] = CAN0IF1DA2H;
 456   2            CAN_Rx_Buf[4] = CAN0IF1DB1L;
 457   2            CAN_Rx_Buf[5] = CAN0IF1DB1H;
 458   2            CAN_Rx_Buf[6] = CAN0IF1DB2L;
 459   2            CAN_Rx_Buf[7] = CAN0IF1DB2H;
 460   2            CAN_RX_COMPLETE = 1;
 461   2      
 462   2        if(Interrupt_ID == CP13_ID && CAN_Rx_Buf[2] == CP16_ID && CAN_Rx_Buf[3] == 0x00)
 463   2          Rx_CP16_OK = 1;
 464   2        if(Interrupt_ID == Broadcast_ID && CAN_Rx_Buf[2] == IPM_ID)         //Check Information
 465   2        { 
 466   3          if( CAN_Rx_Buf[1] == 0x01 )
 467   3          {
 468   4            switch(CAN_Rx_Buf[0])
 469   4            {
 470   5              case 0x01: Yunzhuanwei(); break;       //Go to Yunzhuanwei
 471   5              case 0x02: Chuzhiwei(); break;
 472   5              case 0x04: Quanzhidongwei(); break;
 473   5              case 0x08: Yizhiwei(); break;
 474   5              case 0x10: Chonglianwei(); break;
 475   5              case 0x20: Jinjiwei(); break;
 476   5              default:break;
 477   5            }
 478   4            CAN_Tx_Buf[0] = CAN_Rx_Buf[0];
 479   4            CAN_Tx_Buf[1] = CAN_Rx_Buf[1];
 480   4            CAN_Tx_Buf[2] = CP13_ID;
 481   4            CAN_Tx_Buf[3] = FaultCode;
 482   4          }
 483   3          else if(CAN_Rx_Buf[1] == 0x02 )
 484   3          {
 485   4            switch(CAN_Rx_Buf[0])
 486   4            {
C51 COMPILER V9.53.0.0   MAIN                                                              06/10/2017 00:35:05 PAGE 9   

 487   5              case 0x01: Syunzhuanwei();break;
 488   5              case 0x02: Szhidongwei();break;
 489   5              case 0x04: Ceya();break;
 490   5              default:break;
 491   5            } 
 492   4            CAN_Tx_Buf[0] = CAN_Rx_Buf[0];
 493   4            CAN_Tx_Buf[1] = CAN_Rx_Buf[1];
 494   4            CAN_Tx_Buf[2] = CP13_ID;
 495   4            CAN_Tx_Buf[3] = FaultCode;
 496   4      
 497   4            CAN0_TransferMO(IPM_ID);
 498   4          }
 499   3          else if (CAN_Rx_Buf[1] == 0x11)
 500   3          {
 501   4            CAN_Tx_Buf[0] = CAN_Rx_Buf[0];
 502   4            CAN_Tx_Buf[1] = CAN_Rx_Buf[1];
 503   4            CAN_Tx_Buf[2] = CP13_ID;
 504   4            CAN_Tx_Buf[3] = FaultCode;
 505   4      
 506   4            CAN0_TransferMO(IPM_ID);
 507   4          }
 508   3        }
 509   2         }
 510   1         // If an error occured, simply update the global variable and continue
 511   1         if (status & LEC)
 512   1         {
 513   2             // The LEC bits identify the type of error, but those are grouped here
 514   2             if ((status & LEC) != 0x07)
 515   2             {
 516   3                CAN_ERROR = 1;
 517   3             }
 518   2         }
 519   1      
 520   1         if (status & BOff)
 521   1         {
 522   2            CAN_ERROR = 1;
 523   2         }
 524   1      
 525   1         if (status & EWarn)
 526   1         {
 527   2            CAN_ERROR = 1;
 528   2         }
 529   1      
 530   1         // Old SFRPAGE is popped off stack when ISR exits
 531   1      }
 532          
 533          
 534          INTERRUPT (TIMER0_ISR, INTERRUPT_TIMER0)
 535          {
 536   1        TF0 = 0;
 537   1        TL0       = 0x90; 
 538   1        TH0       = 0xE8;     //3ms,based on 2MHz clock 
 539   1      
 540   1      //  PIDControl();
 541   1        
 542   1      }
 543          INTERRUPT (TIMER2_ISR, INTERRUPT_TIMER2)
 544          {
 545   1      
 546   1      //  DisplayNumber(2);
 547   1         TF2H = 0;                           // Reset Interrupt
 548   1            // Set up the AMUX for the next ADC input
C51 COMPILER V9.53.0.0   MAIN                                                              06/10/2017 00:35:05 PAGE 10  

 549   1         if (AMUX_INPUT == (ANALOG_INPUTS - 1))
 550   1         {
 551   2            ADC0MX = PIN_TABLE[0] | 0x10;
 552   2         }
 553   1         else
 554   1         {
 555   2            ADC0MX = PIN_TABLE[AMUX_INPUT+1] | 0x10;
 556   2         }
 557   1         //SendMessageCAN0(EPCU_ERCP_MO,g_uTx_Data1);
 558   1         
 559   1      }
 560          
 561          
 562          INTERRUPT (TIMER3_ISR, INTERRUPT_TIMER3)
 563          {/*
 564   1        TMR3CN &= 0x7F;//clear flag
 565   1      
 566   1        PWM_APP *= 100;
 567   1        PWM_REL *= 100;
 568   1      
 569   1        PWM_Count++;
 570   1      
 571   1        if(PWM_Count > PWM_Period)
 572   1          PWM_Count = 0;
 573   1      
 574   1        if(PWM_Count < PWM_APP)
 575   1          APP_ON;
 576   1        else 
 577   1          APP_OFF;
 578   1      
 579   1        if(PWM_Count < PWM_REL)
 580   1          REL_ON;
 581   1        else
 582   1          REL_OFF;
 583   1          */
 584   1      }
 585          
 586          void Yunzhuanwei()
 587          {
 588   1        MRCUT_OFF;
 589   1        ERBU_OFF;
 590   1        if(CAN_Rx_Buf[1] & 0x04)
 591   1          ERBU_ON;
 592   1      }
 593          void Chuzhiwei()
 594          {
 595   1        MRCUT_ON;
 596   1        ERBU_OFF;
 597   1        if(CAN_Rx_Buf[1] & 0x04)
 598   1          ERBU_ON;
 599   1      }
 600          
 601          void Quanzhidongwei()
 602          {
 603   1        MRCUT_ON;
 604   1        ERBU_OFF;
 605   1        if(CAN_Rx_Buf[1] & 0x04)
 606   1          ERBU_ON;
 607   1      }
 608          
 609          void Yizhiwei()
 610          {
C51 COMPILER V9.53.0.0   MAIN                                                              06/10/2017 00:35:05 PAGE 11  

 611   1        MRCUT_ON;
 612   1        ERBU_OFF; 
 613   1        if(CAN_Rx_Buf[1] & 0x04)
 614   1          ERBU_ON;
 615   1      }
 616          
 617          void Chonglianwei()
 618          {
 619   1        MRCUT_ON;
 620   1        ERBU_OFF;
 621   1        if(CAN_Rx_Buf[1] & 0x04)
 622   1          ERBU_ON;
 623   1      }
 624          
 625          void Jinjiwei()
 626          {
 627   1        MRCUT_ON;
 628   1        ERBU_OFF;
 629   1        if(CAN_Rx_Buf[1] & 0x04)
 630   1          ERBU_ON;
 631   1      
 632   1      }
 633          
 634          void Syunzhuanwei()
 635          {
 636   1        MRCUT_ON;
 637   1        MV13S_OFF;
 638   1        ERBU_OFF;
 639   1        if(CAN_Rx_Buf[1] & 0x04)
 640   1          ERBU_ON;
 641   1      }
 642          
 643          void Szhidongwei()
 644          {
 645   1        MRCUT_ON;
 646   1        MV13S_OFF;
 647   1        ERBU_OFF;
 648   1        if(CAN_Rx_Buf[1] & 0x04)
 649   1          ERBU_ON;
 650   1      }
 651          
 652          void Ceya()
 653          {
 654   1        MRCUT_ON;
 655   1        MV13S_ON;
 656   1        ERBU_OFF;
 657   1        if(CAN_Rx_Buf[1] & 0x04)
 658   1          ERBU_ON;
 659   1      }
 660          //-----------------------------------------------------------------------------
 661          // End Of File
 662          //-----------------------------------------------------------------------------
 663          

C51 COMPILATION COMPLETE.  0 WARNING(S),  3 ERROR(S)
