C51 COMPILER V9.53.0.0   MAIN                                                              05/30/2017 10:37:28 PAGE 1   


C51 COMPILER V9.53.0.0, COMPILATION OF MODULE MAIN
OBJECT MODULE PLACED IN main.OBJ
COMPILER INVOKED BY: F:\Keil_v5\C51\BIN\c51.exe main.c DB OE BR INCDIR(c:\SiLabs\MCU\Inc)

line level    source

   1          // Includes
   2          //-----------------------------------------------------------------------------
   3          #include "compiler_defs.h"
   4          #include "C8051F500_defs.h"            // SFR declarations
   5          
   6          //-----------------------------------------------------------------------------
   7          // Type Definitions
   8          //-----------------------------------------------------------------------------
   9          
  10          typedef union UU64
  11          {
  12             U32 U32[2];
  13             U16 U16[4];
  14             U8 U8[8];
  15          } UU64;
  16          
  17          //-----------------------------------------------------------------------------
  18          // Function Prototypes
  19          //-----------------------------------------------------------------------------
  20          
  21          void OSCILLATOR_Init (void);
  22          void PORT_Init (void);
  23          void CAN0_Init (void);
  24          void ADC0_Init(void);
  25          void Timer2_Init(void);
  26          void delay(U16 time);
  27          void DisplayNumber(U16 i);
  28          void CAN0_TransferMO (U8 obj_num);
  29          void Yunzhuanwei(void);
  30          void Chuzhiwei(void);
  31          void Quanzhidongwei(void);
  32          void Yizhiwei(void);
  33          void Chonglianwei(void);
  34          void Jinjiwei(void);
  35          
  36          INTERRUPT_PROTO (CAN0_ISR, INTERRUPT_CAN0);
  37          INTERRUPT_PROTO (TIMER2_ISR, INTERRUPT_TIMER2);
  38          
  39          //-----------------------------------------------------------------------------
  40          // Global Constants
  41          //-----------------------------------------------------------------------------
  42          
  43          #define SYSCLK       24000000          // System clock speed in Hz
  44          
  45          #define MESSAGE_OBJECTS    32          // Number of message objects to use
  46                                                 // Range is 1-32
  47          #define MESSAGE_SIZE        8          // Size in bytes of each CAN message
  48                                                 // Range is 1-8
  49          
  50          #define RX_COMPLETE_MASK  0xFFFFFFFF   // Set this to (2^MESSAGE_OBJECTS - 1)
  51          
  52          //-----------------------------------------------------------------------------
  53          // Bit Definition Masks
  54          //-----------------------------------------------------------------------------
  55          
C51 COMPILER V9.53.0.0   MAIN                                                              05/30/2017 10:37:28 PAGE 2   

  56          // CAN0STAT
  57          #define BOff  0x80                     // Busoff Status
  58          #define EWarn 0x40                     // Warning Status
  59          #define EPass 0x20                     // Error Passive
  60          #define RxOk  0x10                     // Receive Message Successfully
  61          #define TxOk  0x08                     // Transmitted Message Successfully
  62          #define LEC   0x07                     // Last Error Code
  63          
  64          //-----------------------------------------------------------------------------
  65          // Pin Definitions
  66          //-----------------------------------------------------------------------------
  67          
  68          SBIT (LED, SFR_P1, 3);                 // LED = 1 turns on the LED
  69          
  70          //-----------------------------------------------------------------------------
  71          // Global Variables
  72          //-----------------------------------------------------------------------------
  73          #define IPM_ID 0x001
  74          #define EBV_ID 0x002
  75          #define Broadcast_ID 0x003
  76          #define ERCP_ID 0x010
  77          #define BPCP_ID 0x011
  78          #define CP16_ID 0x012
  79          #define TIMER2_RELOAD  200000000
  80          #define ANALOG_INPUTS    4
  81          #define RelayON (P1 &= ~0x40)
  82          #define RelayOFF (P1 |= 0x40)
  83          #define APP_ON ( P2 &= ~0x40)
  84          #define APP_OFF (P2 |= 0x40)
  85          #define REL_ON (P2 &= ~0x80)
  86          #define REL_OFF (P2 |= 0x80)
  87          //dispaly number define
  88          U8 dis[10]={ 0xC0,0xF9,0xA4,0xB0,0x99,0x92,0x82,0xF8,0x80,0x90 };
  89                             //   0    1    2    3    4    5    6    7    8    9 
  90          bit CAN_ERROR = 0;                     // 0 = No Errors occurred
  91                                                 // 1 = Some error(s) occurred
  92          U8 FaultCode = 0x00;
  93          
  94          U8 CAN_Tx_Buf[8] = {0xf1, 0x02, 0x03, 0x04, 0x05, 0x06, 0x07, 0x08};
  95          U8 CAN_Rx_Buf[8];
  96          U8 CAN_RX_COMPLETE;                  
  97          
  98          U8 PIN_TABLE[ANALOG_INPUTS] = {0x00, 0x01, 0x02, 0x03};
  99          U8 AMUX_INPUT = 0;
 100          
 101          //-----------------------------------------------------------------------------
 102          // MAIN Routine
 103          //-----------------------------------------------------------------------------
 104          
 105          void main (void)
 106          {
 107   1      
 108   1         SFRPAGE = ACTIVE_PAGE;              // Set for PCA0MD
 109   1      
 110   1         PCA0MD &= ~0x40;                    // Disable Watchdog Timer
 111   1      
 112   1         OSCILLATOR_Init ();                 // Initialize oscillator
 113   1         PORT_Init ();                       // Initialize crossbar and GPIO
 114   1         CAN0_Init ();                       // Start CAN peripheral
 115   1         ADC0_Init ();
 116   1         Timer2_Init ();
 117   1      
C51 COMPILER V9.53.0.0   MAIN                                                              05/30/2017 10:37:28 PAGE 3   

 118   1         EIE2 |= 0x02;                       // Enable CAN interupts
 119   1         EA = 1;                             // Enable global interrupts
 120   1         P2 |= 0xC0;
 121   1         while (1)
 122   1         {
 123   2                      DisplayNumber(1);
 124   2         }
 125   1      }
 126          
 127          //-----------------------------------------------------------------------------
 128          // Initialization Subroutines
 129          //-----------------------------------------------------------------------------
 130          
 131          void OSCILLATOR_Init (void)
 132          {
 133   1         U8 SFRPAGE_save = SFRPAGE;
 134   1         SFRPAGE = CONFIG_PAGE;
 135   1      
 136   1         OSCICN = 0x87;                      // Set internal oscillator divider to 1
 137   1      
 138   1         SFRPAGE = SFRPAGE_save;
 139   1      }
 140          
 141          //-----------------------------------------------------------------------------
 142          // PORT_Init
 143          //-----------------------------------------------------------------------------
 144          
 145          void PORT_Init (void)
 146          {
 147   1         U8 SFRPAGE_save = SFRPAGE;
 148   1         SFRPAGE  = CONFIG_PAGE;             // Port SFR's on Configuration page
 149   1      
 150   1         P0MDOUT  |= 0x40;                   // P0.6 (CAN0 TX) is push-pull
 151   1         P1MDOUT  |= 0x08;                   // P1.3 (LED) is push-pull
 152   1         P1MDOUT &= 0xbf;                                             //P1^6 open drain for relay
 153   1        // P2MDIN |= 0xf0;                                             //ADC
 154   1        // P2SKIP |= 0x0f;                                             //ADC
 155   1         P2MDOUT |= 0xc0;                    //P2.6/7 for driving mosfet
 156   1         P3MDOUT |= 0xff;                            //P3 is push-pull to drive the LED.
 157   1         P4MDOUT |= 0x03;                            //P4   
 158   1      
 159   1         XBR0     = 0x02;                    // Enable CAN0 on Crossbar
 160   1         XBR2     = 0x40;                    // Enable Crossbar and weak pull-ups
 161   1      
 162   1         SFRPAGE = SFRPAGE_save;
 163   1      }
 164          
 165          //-----------------------------------------------------------------------------
 166          // ADC0_Init
 167          //-----------------------------------------------------------------------------
 168          void ADC0_Init(void)
 169          {
 170   1              U8 SFRPAGE_save = SFRPAGE;
 171   1              SFRPAGE = ACTIVE_PAGE;
 172   1      
 173   1              ADC0CF |= 0x01;
 174   1              ADC0H = 0x04;
 175   1              ADC0L = 0x6c;
 176   1              ADC0H = 0x07;
 177   1              ADC0L = 0xa0;
 178   1              ADC0H = 0x08;
 179   1              ADC0L = 0x01;
C51 COMPILER V9.53.0.0   MAIN                                                              05/30/2017 10:37:28 PAGE 4   

 180   1              ADC0CF &= ~0x01;
 181   1      
 182   1              ADC0CN = 0x10;           //0 start by writing 1 to AD0BUSY, 1 start by overflow of timer 1 , 3 by timer 2
 183   1      
 184   1              REF0CN = 0x33;
 185   1      
 186   1              ADC0MX = 0x10| PIN_TABLE[AMUX_INPUT];
 187   1      
 188   1              ADC0CF = ((SYSCLK /3000000) - 1) << 3;
 189   1      
 190   1      //      EIE1 |= 0x04;
 191   1      
 192   1              AD0EN = 1;
 193   1      
 194   1              SFRPAGE = SFRPAGE_save;
 195   1      
 196   1      }
 197          
 198          
 199          //-----------------------------------------------------------------------------
 200          // Timer2_Init
 201          //-----------------------------------------------------------------------------
 202          void Timer2_Init(void)
 203          {
 204   1         U8 SFRPAGE_save = SFRPAGE;
 205   1         SFRPAGE = ACTIVE_PAGE;
 206   1      
 207   1         CKCON &= ~0x30;                     // Timer2 uses SYSCLK/12
 208   1         TMR2CN &= ~0x01;
 209   1      
 210   1         TMR2RL = TIMER2_RELOAD;             // Reload value to be used in Timer2
 211   1         TMR2 = TMR2RL;                      // Init the Timer2 register
 212   1      
 213   1         TMR2CN = 0x04;                      // Enable Timer2 in auto-reload mode
 214   1         ET2 = 1;                            // Timer2 interrupt enabled
 215   1      
 216   1         SFRPAGE = SFRPAGE_save;
 217   1      }
 218          //-----------------------------------------------------------------------------
 219          // CAN0_Init
 220          //-----------------------------------------------------------------------------
 221          void CAN0_Init (void)
 222          {
 223   1         U8 iter;
 224   1      
 225   1         U8 SFRPAGE_save = SFRPAGE;
 226   1         SFRPAGE  = CAN0_PAGE;               // All CAN register are on page 0x0C
 227   1      
 228   1         CAN0CN |= 0x01;                     // Start Intialization mode
 229   1      
 230   1         //---------Initialize general CAN peripheral settings
 231   1      
 232   1         CAN0CN |= 0x4E;                     // Enable Status, Error,
 233   1                                             // Module Interrupts
 234   1                                             // Enable access to bit timing register
 235   1      
 236   1         // See the CAN Bit Timing Spreadsheet for how to calculate this value
 237   1         CAN0BT = 0x1402;                    // Based on 24 Mhz CAN clock, set the
 238   1                                             // CAN bit rate to 1 Mbps
 239   1      
 240   1         //---------Initialize settings common to all message objects
 241   1      
C51 COMPILER V9.53.0.0   MAIN                                                              05/30/2017 10:37:28 PAGE 5   

 242   1         // Command Mask Register
 243   1         CAN0IF1CM = 0x00F0;                 // Write Operation
 244   1                                             // Transfer ID Mask, MDir, MXtd
 245   1                                             // Transfer ID, Dir, Xtd, MsgVal
 246   1                                             // Transfer Control Bits
 247   1                                             // Don't set TxRqst or transfer data
 248   1      
 249   1         // Mask Registers
 250   1         CAN0IF1M1 = 0x0000;                 // Mask Bits 15-0 not used for filtering
 251   1         CAN0IF1M2 = 0x5FFC;                 // Ignore Extended Identifier for
 252   1                                             // filtering
 253   1                                             // Used Direction bit for filtering
 254   1                                             // Use ID bits 28-18 for filtering
 255   1      
 256   1         // Arbitration Registers
 257   1         CAN0IF1A1 = 0x0000;                 // 11-bit ID, so lower 16-bits not used
 258   1      
 259   1         // Message Control Registers
 260   1         CAN0IF1MC = 0x1480 | MESSAGE_SIZE;  // Enable Receive Interrupt
 261   1                                             // Message Object is a Single Message
 262   1                                             // Message Size set by #define
 263   1      
 264   1      
 265   1         //---------Initialize unique settings for Rx message object
 266   1      
 267   1         // Arbitration Registers
 268   1         CAN0IF1A2 = 0x8000 | (ERCP_ID << 2);  // Set MsgVal to valid
 269   1                                               // Set Object Direction to read
 270   1                                               // Set 11-bit Identifier to iter
 271   1      
 272   1         CAN0IF1CR = ERCP_ID;                // Start command request
 273   1      
 274   1            while (CAN0IF1CRH & 0x80) {}       // Poll on Busy bit
 275   1      
 276   1      
 277   1         CAN0IF1A2 = 0x8000 | (Broadcast_ID << 2);  // Set MsgVal to valid
 278   1                                               // Set Object Direction to read
 279   1                                               // Set 11-bit Identifier to iter
 280   1      
 281   1         CAN0IF1CR = Broadcast_ID;                // Start command request
 282   1      
 283   1            while (CAN0IF1CRH & 0x80) {}       // Poll on Busy bit
 284   1         // Message Control Registers
 285   1         CAN0IF1MC = 0x0080 | MESSAGE_SIZE;  // Disable Transmit Interrupt
 286   1                                             // Message Object is a Single Message
 287   1                                             // Message Size set by #define
 288   1      
 289   1         //---------Initialize unique settings for Tx message object
 290   1         // Arbitration Registers
 291   1         CAN0IF1A2 = 0xA000 | (BPCP_ID << 2);  // Set MsgVal to valid
 292   1                                               // Set Direction to write
 293   1                                               // Set 11-bit Identifier to iter
 294   1      
 295   1         CAN0IF1CR = BPCP_ID;                // Start command request
 296   1      
 297   1         while (CAN0IF1CRH & 0x80) {}       // Poll on Busy bit
 298   1      
 299   1         CAN0IF1A2 = 0xA000 | (IPM_ID << 2);  // Set MsgVal to valid
 300   1                                               // Set Direction to write
 301   1                                               // Set 11-bit Identifier to iter
 302   1      
 303   1         CAN0IF1CR = IPM_ID;                // Start command request
C51 COMPILER V9.53.0.0   MAIN                                                              05/30/2017 10:37:28 PAGE 6   

 304   1      
 305   1         while (CAN0IF1CRH & 0x80) {}       // Poll on Busy bit
 306   1         //---------Initialize settings for unused message objects
 307   1      
 308   1         for (iter = 0; iter < MESSAGE_OBJECTS; iter++)
 309   1         {
 310   2              if(iter != ERCP_ID && iter != BPCP_ID && iter != Broadcast_ID && iter != IPM_ID)
 311   2               {
 312   3            // Set remaining message objects to be Ignored
 313   3            CAN0IF1A2 = 0x0000;              // Set MsgVal to 0 to Ignore
 314   3            CAN0IF1CR = iter;                // Start command request
 315   3      
 316   3            while (CAN0IF1CRH & 0x80) {}     // Poll on Busy bit
 317   3                }
 318   2         }
 319   1      
 320   1         CAN0CN &= ~0x41;                    // Return to Normal Mode and disable
 321   1                                             // access to bit timing register
 322   1      
 323   1         SFRPAGE = SFRPAGE_save;
 324   1      }
 325          
 326          void CAN0_TransferMO (U8 obj_num)
 327          {
 328   1         // This function assumes that the message object is fully initialized
 329   1         // in CAN0_Init and so all it has to do is fill the data registers and
 330   1         // initiate transmission
 331   1      
 332   1         U8 SFRPAGE_save = SFRPAGE;
 333   1         SFRPAGE  = CAN0_PAGE;               // All CAN register are on page 0x0C
 334   1      
 335   1         // Initialize all 8 data bytes even though they might not be sent
 336   1         // The number to send was configured earlier by setting Message Control
 337   1      
 338   1         CAN0IF1DA1L = *CAN_Tx_Buf;              // Initialize data registers based
 339   1         CAN0IF1DA1H = *(CAN_Tx_Buf + 1);          // on message object used
 340   1         CAN0IF1DA2L = *(CAN_Tx_Buf + 2);
 341   1         CAN0IF1DA2H = *(CAN_Tx_Buf + 3);
 342   1         CAN0IF1DB1L = *(CAN_Tx_Buf + 4);
 343   1         CAN0IF1DB1H = *(CAN_Tx_Buf + 5);
 344   1         CAN0IF1DB2L = *(CAN_Tx_Buf + 6);
 345   1         CAN0IF1DB2H = *(CAN_Tx_Buf + 7);
 346   1      
 347   1         CAN0IF1CM = 0x0087;                 // Set Direction to Write
 348   1                                             // Write TxRqst, all 8 data bytes
 349   1      
 350   1         CAN0IF1CR = obj_num;                // Start command request
 351   1      
 352   1         while (CAN0IF1CRH & 0x80) {}        // Poll on Busy bit
 353   1      
 354   1         SFRPAGE = SFRPAGE_save;
 355   1      }
 356          //-----------------------------------------------------------------------------
 357          // Interrupt Service Routines
 358          //-----------------------------------------------------------------------------
 359          
 360          //-----------------------------------------------------------------------------
 361          // CAN0_ISR
 362          //-----------------------------------------------------------------------------
 363          INTERRUPT (CAN0_ISR, INTERRUPT_CAN0)
 364          {
 365   1         U8 carry;
C51 COMPILER V9.53.0.0   MAIN                                                              05/30/2017 10:37:28 PAGE 7   

 366   1         UU32 new_data;
 367   1      
 368   1         // SFRPAGE is set to CAN0_Page automatically when ISR starts
 369   1      
 370   1         U8 status = CAN0STAT;               // Read status, which clears the Status
 371   1                                             // Interrupt bit pending in CAN0IID
 372   1      
 373   1         U8 Interrupt_ID = CAN0IID;          // Read which message object caused
 374   1                                             // the interrupt
 375   1         // The CAN0ND registers tell which of the 32 message objects are new.
 376   1         // Read data from CAN registers and perform 1-bit right shift with carry
 377   1         new_data.U8[b0] = CAN0ND1L;         // With a big endian compiler, assign LSB
 378   1         new_data.U8[b1] = CAN0ND1H;
 379   1         new_data.U8[b2] = CAN0ND2L;
 380   1         new_data.U8[b3] = CAN0ND2H;         // Assign MSB
 381   1         carry = new_data.U8[b0] & 0x01;     // Store carry bit
 382   1         new_data.U32 = new_data.U32 >> 1;   // Perform 1-bit shift to realign
 383   1      
 384   1         if (carry)
 385   1         { // Add carry if necessary
 386   2            new_data.U8[b3] = new_data.U8[b3] | 0x80;
 387   2         }
 388   1      
 389   1         // new_data variable will now tell which message object is new.
 390   1      
 391   1         CAN0IF1CM = 0x007F;                 // Read all of message object to IF1
 392   1                                             // Clear IntPnd and newData
 393   1      
 394   1         CAN0IF1CR = Interrupt_ID;           // Start command request
 395   1      
 396   1         while (CAN0IF1CRH & 0x80) {}           // Poll on Busy bit
 397   1      
 398   1         if (status & RxOk )                  // If transmit completed successfully
 399   1         {
 400   2             // Read all 8 data bytes to rxdata, even though they might not be valid
 401   2            CAN_Rx_Buf[0] = CAN0IF1DA1L;
 402   2            CAN_Rx_Buf[1] = CAN0IF1DA1H;
 403   2            CAN_Rx_Buf[2] = CAN0IF1DA2L;
 404   2            CAN_Rx_Buf[3] = CAN0IF1DA2H;
 405   2            CAN_Rx_Buf[4] = CAN0IF1DB1L;
 406   2            CAN_Rx_Buf[5] = CAN0IF1DB1H;
 407   2            CAN_Rx_Buf[6] = CAN0IF1DB2L;
 408   2            CAN_Rx_Buf[7] = CAN0IF1DB2H;
 409   2            CAN_RX_COMPLETE = 1;
 410   2              
 411   2              if(Interrupt_ID == Broadcast_ID  && CAN_Rx_Buf[3] == IPM_ID)
 412   2              {
 413   3                      if( CAN_Rx_Buf[1] == 0x01)
 414   3                      {
 415   4                              switch(CAN_Rx_Buf[0])
 416   4                              {
 417   5                                      case 0x01: Yunzhuanwei(); break;
 418   5                                      case 0x02: Chuzhiwei(); break;
 419   5                                      case 0x04: Quanzhidongwei(); break;
 420   5                                      case 0x08: Yizhiwei(); break;
 421   5                                      case 0x10: Chonglianwei(); break;
 422   5                                      case 0x20: Jinjiwei(); break;
 423   5                                      default:break;
 424   5                              }
 425   4              
 426   4                              CAN_Tx_Buf[0] = CAN_Rx_Buf[0];
 427   4                              CAN_Tx_Buf[1] = CAN_Rx_Buf[1];
C51 COMPILER V9.53.0.0   MAIN                                                              05/30/2017 10:37:28 PAGE 8   

 428   4                              CAN_Tx_Buf[3] = ERCP_ID;
 429   4                              CAN_Tx_Buf[4] = FaultCode;
 430   4                              CAN0_TransferMO(IPM_ID);
 431   4                              CAN0_TransferMO(BPCP_ID);
 432   4                      }
 433   3              }
 434   2         }
 435   1         // If an error occured, simply update the global variable and continue
 436   1         if (status & LEC)
 437   1         {
 438   2             // The LEC bits identify the type of error, but those are grouped here
 439   2             if ((status & LEC) != 0x07)
 440   2             {
 441   3                CAN_ERROR = 1;
 442   3             }
 443   2         }
 444   1      
 445   1         if (status & BOff)
 446   1         {
 447   2            CAN_ERROR = 1;
 448   2         }
 449   1      
 450   1         if (status & EWarn)
 451   1         {
 452   2            CAN_ERROR = 1;
 453   2         }
 454   1      
 455   1         // Old SFRPAGE is popped off stack when ISR exits
 456   1      }
 457          
 458          INTERRUPT (TIMER2_ISR, INTERRUPT_TIMER2)
 459          {
 460   1      
 461   1      //      DisplayNumber(2);
 462   1         TF2H = 0;                           // Reset Interrupt
 463   1         
 464   1      }
 465          
 466          
 467          //for delay time
 468          void delay(U16 time)         //int型数据为16位,所以最大值为65535            
 469           {
 470   1        U16  i,j;             //定义变量i,j,用于循环语句 
 471   1        for(i=0;i<time;i++)    //for循环,循环50*time次
 472   1           for(j=0;j<100;j++); //for循环,循环50次
 473   1       }
 474          
 475           //display number
 476          void DisplayNumber(U16 i)
 477          {
 478   1              
 479   1              P3 |= dis[i/1000];
 480   1              P4 = 0x01;
 481   1              P4 = 0x00;
 482   1              P3 = 0x01;     //chose the thousand
 483   1              P4 = 0x02;
 484   1              P4 = 0x00;
 485   1              delay(10);
 486   1              P3 &= 0x00;
 487   1      
 488   1      
 489   1      
C51 COMPILER V9.53.0.0   MAIN                                                              05/30/2017 10:37:28 PAGE 9   

 490   1              P3 |= dis[(i%1000)/100];
 491   1              P4 = 0x01;
 492   1              P4 = 0x00;
 493   1              P3 = 0x02;
 494   1              P4 = 0x02;
 495   1              P4 = 0x00;
 496   1              delay(10);
 497   1              P3 = 0x00;
 498   1      
 499   1      
 500   1      
 501   1      
 502   1              P3 |= dis[(i%100) / 10];
 503   1              P4 = 0x01;
 504   1              P4 = 0x00;
 505   1              P3 = 0x04;
 506   1              P4 = 0x02;
 507   1              P4 = 0x00;
 508   1              delay(10);
 509   1              P3 &= 0x00;
 510   1      
 511   1      
 512   1              P3 = 0;
 513   1              P3 |= dis[i%10];
 514   1              P4 = 0x01;
 515   1              P4 = 0x00;
 516   1              P3 = 0x08;
 517   1              P4 = 0x02;
 518   1              P4 = 0x00;
 519   1              delay(10);
 520   1              P3 &= 0x00;
 521   1              
 522   1      
 523   1      }
 524          
 525          void Yunzhuanwei()
 526          {
 527   1              RelayON;
 528   1              APP_ON;
 529   1              REL_OFF;
 530   1      }
 531          void Chuzhiwei()
 532          {
 533   1              RelayON;
 534   1              APP_OFF;
 535   1              REL_ON;
 536   1      }
 537          
 538          void Quanzhidongwei()
 539          {
 540   1              RelayON;
 541   1              APP_OFF;
 542   1              REL_ON;
 543   1      }
 544          
 545          void Yizhiwei()
 546          {
 547   1              RelayON;
 548   1              APP_OFF;
 549   1              REL_ON;
 550   1      }
 551          
C51 COMPILER V9.53.0.0   MAIN                                                              05/30/2017 10:37:28 PAGE 10  

 552          void Chonglianwei()
 553          {
 554   1              RelayON;
 555   1              APP_OFF;
 556   1              REL_ON;
 557   1      }
 558          
 559          void Jinjiwei()
 560          {
 561   1              RelayON;
 562   1              APP_OFF;
 563   1              REL_ON;
 564   1      }
 565          
 566          //-----------------------------------------------------------------------------
 567          // End Of File
 568          //--------------------------------------------------------------------------


MODULE INFORMATION:   STATIC OVERLAYABLE
   CODE SIZE        =    919    ----
   CONSTANT SIZE    =   ----    ----
   XDATA SIZE       =   ----    ----
   PDATA SIZE       =   ----    ----
   DATA SIZE        =     33       7
   IDATA SIZE       =   ----    ----
   BIT SIZE         =      1    ----
END OF MODULE INFORMATION.


C51 COMPILATION COMPLETE.  0 WARNING(S),  0 ERROR(S)
