C51 COMPILER V9.53.0.0   MAIN                                                              05/31/2017 16:29:44 PAGE 1   


C51 COMPILER V9.53.0.0, COMPILATION OF MODULE MAIN
OBJECT MODULE PLACED IN main.OBJ
COMPILER INVOKED BY: F:\Keil_v5\C51\BIN\C51.EXE main.c LARGE OPTIMIZE(8,SPEED) BROWSE DEBUG OBJECTEXTEND TABS(2)

line level    source

   1          //-----------------------------------------------------------------------------
   2          // Includes
   3          //-----------------------------------------------------------------------------
   4          #include "compiler_defs.h"
   5          #include "C8051F500_defs.h"            // SFR declarations
   6          #include "Display.h"
   7          
   8          //-----------------------------------------------------------------------------
   9          // Type Definitions
  10          //-----------------------------------------------------------------------------
  11          
  12          typedef union UU64
  13          {
  14             U32 U32[2];
  15             U16 U16[4];
  16             U8 U8[8];
  17          } UU64;
  18          
  19          //-----------------------------------------------------------------------------
  20          // Function Prototypes
  21          //-----------------------------------------------------------------------------
  22          
  23          void OSCILLATOR_Init (void);
  24          void PORT_Init (void);
  25          void CAN0_Init (void);
  26          void ADC0_Init(void);
  27          void Timer_Init(void);
  28          void CAN0_TransferMO (U8 obj_num);
  29          
  30          void PressureCal();
  31          void PIDControl();
  32          
  33          
  34          
  35          void Yunzhuanwei(void);
  36          void Chuzhiwei(void);
  37          void Quanzhidongwei(void);
  38          void Yizhiwei(void);
  39          void Chonglianwei(void);
  40          void Jinjiwei(void);
  41          
  42          INTERRUPT_PROTO (CAN0_ISR, INTERRUPT_CAN0);
  43          INTERRUPT_PROTO (TIMER0_ISR, INTERRUPT_TIMER0);
  44          INTERRUPT_PROTO (TIMER2_ISR, INTERRUPT_TIMER2);
  45          INTERRUPT_PROTO (TIMER3_ISR, INTERRUPT_TIMER3);
  46          INTERRUPT_PROTO (ADC0_ISR, INTERRUPT_ADC0_EOC);
  47          
  48          //-----------------------------------------------------------------------------
  49          // Global Constants
  50          //-----------------------------------------------------------------------------
  51          #define SYSCLK       24000000          // System clock speed in Hz
  52          #define MESSAGE_OBJECTS    32          // Number of message objects to use
  53                                                 // Range is 1-32
  54          #define MESSAGE_SIZE        8          // Size in bytes of each CAN message
  55                                                 // Range is 1-8
C51 COMPILER V9.53.0.0   MAIN                                                              05/31/2017 16:29:44 PAGE 2   

  56          
  57          //-----------------------------------------------------------------------------
  58          // Bit Definition Masks
  59          //-----------------------------------------------------------------------------
  60          
  61          // CAN0STAT
  62          #define BOff  0x80                     // Busoff Status
  63          #define EWarn 0x40                     // Warning Status
  64          #define EPass 0x20                     // Error Passive
  65          #define RxOk  0x10                     // Receive Message Successfully
  66          #define TxOk  0x08                     // Transmitted Message Successfully
  67          #define LEC   0x07                     // Last Error Code
  68          
  69          
  70          #define RelayON (P1 &= ~0x40)
  71          #define RelayOFF (P1 |= 0x40)
  72          #define APP_ON ( P2 &= ~0x40)
  73          #define APP_OFF (P2 |= 0x40)
  74          #define REL_ON (P2 &= ~0x80)
  75          #define REL_OFF (P2 |= 0x80)
  76          
  77          //-----------------------------------------------------------------------------
  78          // Global Variables
  79          //-----------------------------------------------------------------------------
  80          #define IPM_ID 0x001
  81          #define EBV_ID 0x002
  82          #define Broadcast_ID 0x003
  83          #define ERCP_ID 0x010
  84          #define BPCP_ID 0x011
  85          #define CP16_ID 0x012
  86          #define ANALOG_INPUTS    2
  87          #define INT_DEC             256        // Integrate and decimate ratio
  88          
  89          
  90          bit CAN_ERROR = 0;                     // 0 = No Errors occurred
  91                                                 // 1 = Some error(s) occurred
  92          U8 FaultCode = 0x00;
  93          
  94          U8 CAN_Tx_Buf[8] = {0xf1, 0x02, 0x03, 0x04, 0x05, 0x06, 0x07, 0x08};
  95          U8 CAN_Rx_Buf[8];
  96          U8 CAN_RX_COMPLETE;                  
  97          
  98          SEGMENT_VARIABLE (RESULT[ANALOG_INPUTS], U32, xdata);
  99          U8 PIN_TABLE[ANALOG_INPUTS] = {0x00, 0x01};
 100          U32 accumulator[ANALOG_INPUTS];
 101          U8 AMUX_INPUT = 0;
 102          U8 PWM_Count = 0;
 103          U8 PWM_Period = 100;
 104          U8 PWM_APP = 0;
 105          U8 PWM_REL = 0;
 106          
 107          U32 Target_ERT_Pressure  ;
 108          
 109          U32 pressure_current_ERT;
 110          U16 pressureERT_H;
 111          U16 pressureERT_L;
 112          float P_mA_current_ERT=0 ;
 113          
 114          
 115          U32 pressure_current_MRT;
 116          U16 pressureMRT_H;
 117          U16 pressureMRT_L;
C51 COMPILER V9.53.0.0   MAIN                                                              05/31/2017 16:29:44 PAGE 3   

 118          float P_mA_current_MRT=0 ;
 119          
 120          float error, sumerror, lasterror, kp, ki, kd;
 121          //-----------------------------------------------------------------------------
 122          // MAIN Routine
 123          //-----------------------------------------------------------------------------
 124          
 125          void main (void)
 126          {
 127   1      
 128   1         SFRPAGE = ACTIVE_PAGE;              // Set for PCA0MD
 129   1      
 130   1         PCA0MD &= ~0x40;                    // Disable Watchdog Timer
 131   1      
 132   1         OSCILLATOR_Init ();                 // Initialize oscillator
 133   1         PORT_Init ();                       // Initialize crossbar and GPIO
 134   1         CAN0_Init ();                       // Start CAN peripheral
 135   1         ADC0_Init ();
 136   1         Timer_Init ();
 137   1         RESULT[0]=0;
 138   1         RESULT[1]=0;
 139   1      
 140   1         EIE1 |= 0x40;
 141   1         EIE2 |= 0x02;                       // Enable CAN interupts
 142   1         EA = 1;                             // Enable global interrupts
 143   1         P2 |= 0xC0;
 144   1         while (1)
 145   1         {
 146   2           smg_display(0xe,0xa,0xc,18);
 147   2           PressureCal();
 148   2         }
 149   1      }
 150          
 151          
 152          
 153          void OSCILLATOR_Init (void)
 154          {
 155   1         U8 SFRPAGE_save = SFRPAGE;
 156   1         SFRPAGE = CONFIG_PAGE;
 157   1      
 158   1         OSCICN = 0x87;                      // Set internal oscillator divider to 1
 159   1      
 160   1         SFRPAGE = SFRPAGE_save;
 161   1      }
 162          
 163          //-----------------------------------------------------------------------------
 164          // PORT_Init
 165          //-----------------------------------------------------------------------------
 166          
 167          void PORT_Init (void)
 168          {
 169   1         U8 SFRPAGE_save = SFRPAGE;
 170   1         SFRPAGE  = CONFIG_PAGE;             // Port SFR's on Configuration page
 171   1        
 172   1         P0SKIP |= 0x01;                     // Skip P0.0 (VREF)
 173   1         P0MDIN &= ~0x01;                   // Set VREF to analog
 174   1         P0MDOUT  |= 0x40;                   // P0.6 (CAN0 TX) is push-pull
 175   1         P1MDOUT  |= 0x08;                   // P1.3 (LED) is push-pull
 176   1         P1MDOUT &= 0xbf;                   //P1^6 open drain for relay
 177   1         P2SKIP |= 0x0f;                     // Skip P2.0,P2.1,P2.2,P2.3(ADC input)
 178   1         P2MDIN &= ~0x0f;                   // Set P2.0,P2.1,P2.2,P2.3 as an analog input
 179   1         P2MDOUT |= 0xc0;                    //P2.6/7 for driving mosfet
C51 COMPILER V9.53.0.0   MAIN                                                              05/31/2017 16:29:44 PAGE 4   

 180   1         P3MDOUT |= 0xff;                            //P3 is push-pull to drive the LED.
 181   1         P4MDOUT |= 0x03;                            //P4   
 182   1      
 183   1         XBR0     = 0x02;                    // Enable CAN0 on Crossbar
 184   1         XBR2     = 0x40;                    // Enable Crossbar and weak pull-ups
 185   1      
 186   1         SFRPAGE = SFRPAGE_save;
 187   1      }
 188          
 189          //-----------------------------------------------------------------------------
 190          // ADC0_Init
 191          //-----------------------------------------------------------------------------
 192          void ADC0_Init (void)
 193          {
 194   1         U8 SFRPAGE_save = SFRPAGE;
 195   1         SFRPAGE = ACTIVE_PAGE;
 196   1      
 197   1         // Initialize the Gain to account for a 5V input and 2.25 VREF
 198   1         // Solve the equation provided in Section 9.3.1 of the Datasheet
 199   1      
 200   1         // The 5V input is scaled by a factor of 0.44 so that the maximum input
 201   1         // voltage seen by the pin is 2.2V
 202   1      
 203   1         // 0.44 = (GAIN/4096) + GAINADD * (1/64)
 204   1      
 205   1         // Set GAIN to 0x6CA and GAINADD to 1
 206   1         // GAIN = is the 12-bit word formed by ADC0GNH[7:0] ADC0GNL[7:4]
 207   1         // GAINADD is bit ADC0GNA.0
 208   1      
 209   1         ADC0CF |= 0x01;                     // Set GAINEN = 1
 210   1         ADC0H   = 0x04;                     // Load the ADC0GNH address
 211   1         ADC0L   = 0x6C;                     // Load the upper byte of 0x6CA to 
 212   1                                             // ADC0GNH
 213   1         ADC0H   = 0x07;                     // Load the ADC0GNL address
 214   1         ADC0L   = 0xA0;                     // Load the lower nibble of 0x6CA to 
 215   1                                             // ADC0GNL
 216   1         ADC0H   = 0x08;                     // Load the ADC0GNA address
 217   1         ADC0L   = 0x01;                     // Set the GAINADD bit
 218   1         ADC0CF &= ~0x01;                    // Set GAINEN = 0
 219   1      
 220   1         ADC0CN = 0x03;                      // ADC0 disabled, normal tracking,
 221   1                                             // conversion triggered on TMR2 overflow
 222   1                                             // Output is right-justified
 223   1      
 224   1         REF0CN = 0x33;                      // Enable on-chip VREF and buffer
 225   1                                             // Set voltage reference to 2.25V
 226   1      
 227   1         ADC0MX = 0x0A;                      // Set ADC input to P1.2
 228   1      
 229   1         ADC0CF = ((SYSCLK / 3000000) - 1) << 3;   // Set SAR clock to 3MHz
 230   1      
 231   1         EIE1 |= 0x04;                       // Enable ADC0 conversion complete int.
 232   1      
 233   1         AD0EN = 1;                          // Enable ADC0
 234   1      
 235   1         SFRPAGE = SFRPAGE_save;
 236   1      }
 237          
 238          
 239          //-----------------------------------------------------------------------------
 240          // Timer2_Init
 241          //-----------------------------------------------------------------------------
C51 COMPILER V9.53.0.0   MAIN                                                              05/31/2017 16:29:44 PAGE 5   

 242          void Timer_Init(void)
 243          {
 244   1         U8 SFRPAGE_save = SFRPAGE;
 245   1         SFRPAGE = ACTIVE_PAGE;
 246   1       
 247   1          CKCON = 0x00;     //t1 t0 use the sys-clock/12,t3 t2 refer to TMRXCN
 248   1          
 249   1         TCON      = 0x00;      //t1 don't run temporarily,t0 don't run 
 250   1         TMOD      = 0x21;      //t1 8bit reload timer,t0 16bit timer
 251   1         TL0       = 0x90;  
 252   1         TH0       = 0xE8;      //3ms,based on 2MHz clock           ×¨ó?óú??DD?D?óê??üá?3ms?¨ê±
 253   1         TR0 = 1;
 254   1         ET0 = 1;
 255   1      
 256   1         TMR2CN = 0x00;                      // Stop Timer2; Clear TF2;
 257   1                                             // use SYSCLK as timebase, 16-bit
 258   1                                             // auto-reload
 259   1         CKCON |= 0x10;                      // Select SYSCLK for timer 2 source
 260   1         TMR2RL = 65535 - (SYSCLK / 10000);  // Init reload value for 10 us
 261   1         TMR2 = 0xFFFF;                      // Set to reload immediately
 262   1         ET2 = 1;                            // Enable Timer2 interrupts
 263   1         TR2 = 1;                            // Start Timer2
 264   1      
 265   1         PT2 = 1;
 266   1      
 267   1          TMR3CN    = 0x00;     //t3 16bit reload timer,don't run,sys-clock/12
 268   1          //TMR3RL = 20000;
 269   1      ///TMR3 = 0xffff;
 270   1        TMR3RLL   = 0x30;
 271   1          TMR3RLH   = 0xf8;
 272   1          TMR3L     = 0x30;
 273   1          TMR3H     = 0xf8;     //    ó?óúS￡?ms?¨ê± */
 274   1        TMR3CN |= 0x04;       //run timer3
 275   1      
 276   1         SFRPAGE = SFRPAGE_save;
 277   1      }
 278          //-----------------------------------------------------------------------------
 279          // CAN0_Init
 280          //-----------------------------------------------------------------------------
 281          void CAN0_Init (void)
 282          {
 283   1         U8 iter;
 284   1      
 285   1         U8 SFRPAGE_save = SFRPAGE;
 286   1         SFRPAGE  = CAN0_PAGE;               // All CAN register are on page 0x0C
 287   1      
 288   1         CAN0CN |= 0x01;                     // Start Intialization mode
 289   1      
 290   1         //---------Initialize general CAN peripheral settings
 291   1      
 292   1         CAN0CN |= 0x4E;                     // Enable Status, Error,
 293   1                                             // Module Interrupts
 294   1                                             // Enable access to bit timing register
 295   1      
 296   1         // See the CAN Bit Timing Spreadsheet for how to calculate this value
 297   1         CAN0BT = 0x1402;                    // Based on 24 Mhz CAN clock, set the
 298   1                                             // CAN bit rate to 1 Mbps
 299   1      
 300   1         //---------Initialize settings common to all message objects
 301   1      
 302   1         // Command Mask Register
 303   1         CAN0IF1CM = 0x00F0;                 // Write Operation
C51 COMPILER V9.53.0.0   MAIN                                                              05/31/2017 16:29:44 PAGE 6   

 304   1                                             // Transfer ID Mask, MDir, MXtd
 305   1                                             // Transfer ID, Dir, Xtd, MsgVal
 306   1                                             // Transfer Control Bits
 307   1                                             // Don't set TxRqst or transfer data
 308   1      
 309   1         // Mask Registers
 310   1         CAN0IF1M1 = 0x0000;                 // Mask Bits 15-0 not used for filtering
 311   1         CAN0IF1M2 = 0x5FFC;                 // Ignore Extended Identifier for
 312   1                                             // filtering
 313   1                                             // Used Direction bit for filtering
 314   1                                             // Use ID bits 28-18 for filtering
 315   1      
 316   1         // Arbitration Registers
 317   1         CAN0IF1A1 = 0x0000;                 // 11-bit ID, so lower 16-bits not used
 318   1      
 319   1         // Message Control Registers
 320   1         CAN0IF1MC = 0x1480 | MESSAGE_SIZE;  // Enable Receive Interrupt
 321   1                                             // Message Object is a Single Message
 322   1                                             // Message Size set by #define
 323   1      
 324   1      
 325   1         //---------Initialize unique settings for Rx message object
 326   1      
 327   1         // Arbitration Registers
 328   1         CAN0IF1A2 = 0x8000 | (ERCP_ID << 2);  // Set MsgVal to valid
 329   1                                               // Set Object Direction to read
 330   1                                               // Set 11-bit Identifier to iter
 331   1      
 332   1         CAN0IF1CR = ERCP_ID;                // Start command request
 333   1      
 334   1            while (CAN0IF1CRH & 0x80) {}       // Poll on Busy bit
 335   1      
 336   1      
 337   1         CAN0IF1A2 = 0x8000 | (Broadcast_ID << 2);  // Set MsgVal to valid
 338   1                                               // Set Object Direction to read
 339   1                                               // Set 11-bit Identifier to iter
 340   1      
 341   1         CAN0IF1CR = Broadcast_ID;                // Start command request
 342   1      
 343   1            while (CAN0IF1CRH & 0x80) {}       // Poll on Busy bit
 344   1         // Message Control Registers
 345   1         CAN0IF1MC = 0x0080 | MESSAGE_SIZE;  // Disable Transmit Interrupt
 346   1                                             // Message Object is a Single Message
 347   1                                             // Message Size set by #define
 348   1      
 349   1         //---------Initialize unique settings for Tx message object
 350   1         // Arbitration Registers
 351   1         CAN0IF1A2 = 0xA000 | (BPCP_ID << 2);  // Set MsgVal to valid
 352   1                                               // Set Direction to write
 353   1                                               // Set 11-bit Identifier to iter
 354   1      
 355   1         CAN0IF1CR = BPCP_ID;                // Start command request
 356   1      
 357   1         while (CAN0IF1CRH & 0x80) {}       // Poll on Busy bit
 358   1      
 359   1         CAN0IF1A2 = 0xA000 | (IPM_ID << 2);  // Set MsgVal to valid
 360   1                                               // Set Direction to write
 361   1                                               // Set 11-bit Identifier to iter
 362   1      
 363   1         CAN0IF1CR = IPM_ID;                // Start command request
 364   1      
 365   1         while (CAN0IF1CRH & 0x80) {}       // Poll on Busy bit
C51 COMPILER V9.53.0.0   MAIN                                                              05/31/2017 16:29:44 PAGE 7   

 366   1         //---------Initialize settings for unused message objects
 367   1      
 368   1         for (iter = 0; iter < MESSAGE_OBJECTS; iter++)
 369   1         {
 370   2          if(iter != ERCP_ID && iter != BPCP_ID && iter != Broadcast_ID && iter != IPM_ID)
 371   2         {
 372   3            // Set remaining message objects to be Ignored
 373   3            CAN0IF1A2 = 0x0000;              // Set MsgVal to 0 to Ignore
 374   3            CAN0IF1CR = iter;                // Start command request
 375   3      
 376   3            while (CAN0IF1CRH & 0x80) {}     // Poll on Busy bit
 377   3          }
 378   2         }
 379   1      
 380   1         CAN0CN &= ~0x41;                    // Return to Normal Mode and disable
 381   1                                             // access to bit timing register
 382   1      
 383   1         SFRPAGE = SFRPAGE_save;
 384   1      }
 385          
 386          void CAN0_TransferMO (U8 obj_num)
 387          {
 388   1         // This function assumes that the message object is fully initialized
 389   1         // in CAN0_Init and so all it has to do is fill the data registers and
 390   1         // initiate transmission
 391   1      
 392   1         U8 SFRPAGE_save = SFRPAGE;
 393   1         SFRPAGE  = CAN0_PAGE;               // All CAN register are on page 0x0C
 394   1      
 395   1         // Initialize all 8 data bytes even though they might not be sent
 396   1         // The number to send was configured earlier by setting Message Control
 397   1      
 398   1         CAN0IF1DA1L = *CAN_Tx_Buf;              // Initialize data registers based
 399   1         CAN0IF1DA1H = *(CAN_Tx_Buf + 1);          // on message object used
 400   1         CAN0IF1DA2L = *(CAN_Tx_Buf + 2);
 401   1         CAN0IF1DA2H = *(CAN_Tx_Buf + 3);
 402   1         CAN0IF1DB1L = *(CAN_Tx_Buf + 4);
 403   1         CAN0IF1DB1H = *(CAN_Tx_Buf + 5);
 404   1         CAN0IF1DB2L = *(CAN_Tx_Buf + 6);
 405   1         CAN0IF1DB2H = *(CAN_Tx_Buf + 7);
 406   1      
 407   1         CAN0IF1CM = 0x0087;                 // Set Direction to Write
 408   1                                             // Write TxRqst, all 8 data bytes
 409   1      
 410   1         CAN0IF1CR = obj_num;                // Start command request
 411   1      
 412   1         while (CAN0IF1CRH & 0x80) {}        // Poll on Busy bit
 413   1      
 414   1         SFRPAGE = SFRPAGE_save;
 415   1      }
 416          
 417          //Calculate the pressure detect by ADC
 418          
 419          void PressureCal()
 420          {
 421   1        P_mA_current_ERT=((((( RESULT[1]/4095.0*1000)*1.5*10)/3.0))/250.0);
 422   1        pressure_current_ERT=(int)(62.5*P_mA_current_ERT-243.0);//单位KPa 
 423   1        pressureERT_H=((pressure_current_ERT/1000)<<4)|(pressure_current_ERT%1000/100);
 424   1        pressureERT_L=((pressure_current_ERT%100/10)<<4)|(pressure_current_ERT%10); 
 425   1      
 426   1        P_mA_current_MRT=((((( RESULT[0]/4095.0*1000)*1.5*10)/3.0))/250.0);
 427   1        pressure_current_MRT=(int)(62.5*P_mA_current_MRT-243.0);//单位KPa
C51 COMPILER V9.53.0.0   MAIN                                                              05/31/2017 16:29:44 PAGE 8   

 428   1        pressureMRT_H=((pressure_current_MRT/1000)<<4)|(pressure_current_MRT%1000/100);
 429   1        pressureMRT_L=((pressure_current_MRT%100/10)<<4)|(pressure_current_MRT%10);
 430   1      }
 431          
 432          
 433          //Calculate the PID output
 434          void PIDControl()
 435          { 
 436   1        float derror, Uout;
 437   1        error = Target_ERT_Pressure - pressure_current_ERT/100.0;  
 438   1        sumerror += error;
 439   1        derror = error - lasterror;
 440   1        lasterror = error;
 441   1        
 442   1        Uout = kp * error + ki * sumerror + kd * derror;
 443   1        
 444   1        if(Uout > 0 || Uout == 0)
 445   1        {
 446   2          Uout /= 100.0;
 447   2          PWM_APP = Uout;
 448   2          PWM_REL = 0;
 449   2          if(Uout > 0 && Uout < 0.3)
 450   2            PWM_APP = 0.25;
 451   2          if(Uout > 1)
 452   2            PWM_APP = 1;
 453   2      
 454   2        }
 455   1        else 
 456   1        {
 457   2          PWM_APP = 0;
 458   2          PWM_REL = 0.23;
 459   2        }
 460   1      
 461   1      
 462   1      
 463   1      }
 464          //-----------------------------------------------------------------------------
 465          // Interrupt Service Routines
 466          //-----------------------------------------------------------------------------
 467          
 468          //-----------------------------------------------------------------------------
 469          // CAN0_ISR
 470          //-----------------------------------------------------------------------------
 471          INTERRUPT (CAN0_ISR, INTERRUPT_CAN0)
 472          {
 473   1         U8 carry;
 474   1         UU32 new_data;
 475   1      
 476   1         // SFRPAGE is set to CAN0_Page automatically when ISR starts
 477   1      
 478   1         U8 status = CAN0STAT;               // Read status, which clears the Status
 479   1                                             // Interrupt bit pending in CAN0IID
 480   1      
 481   1         U8 Interrupt_ID = CAN0IID;          // Read which message object caused
 482   1                                             // the interrupt
 483   1         // The CAN0ND registers tell which of the 32 message objects are new.
 484   1         // Read data from CAN registers and perform 1-bit right shift with carry
 485   1         new_data.U8[b0] = CAN0ND1L;         // With a big endian compiler, assign LSB
 486   1         new_data.U8[b1] = CAN0ND1H;
 487   1         new_data.U8[b2] = CAN0ND2L;
 488   1         new_data.U8[b3] = CAN0ND2H;         // Assign MSB
 489   1         carry = new_data.U8[b0] & 0x01;     // Store carry bit
C51 COMPILER V9.53.0.0   MAIN                                                              05/31/2017 16:29:44 PAGE 9   

 490   1         new_data.U32 = new_data.U32 >> 1;   // Perform 1-bit shift to realign
 491   1      
 492   1         if (carry)
 493   1         { // Add carry if necessary
 494   2            new_data.U8[b3] = new_data.U8[b3] | 0x80;
 495   2         }
 496   1      
 497   1         // new_data variable will now tell which message object is new.
 498   1      
 499   1         CAN0IF1CM = 0x007F;                 // Read all of message object to IF1
 500   1                                             // Clear IntPnd and newData
 501   1      
 502   1         CAN0IF1CR = Interrupt_ID;           // Start command request
 503   1      
 504   1         while (CAN0IF1CRH & 0x80) {}           // Poll on Busy bit
 505   1      
 506   1         if (status & RxOk )                  // If transmit completed successfully
 507   1         {
 508   2             // Read all 8 data bytes to rxdata, even though they might not be valid
 509   2            CAN_Rx_Buf[0] = CAN0IF1DA1L;
 510   2            CAN_Rx_Buf[1] = CAN0IF1DA1H;
 511   2            CAN_Rx_Buf[2] = CAN0IF1DA2L;
 512   2            CAN_Rx_Buf[3] = CAN0IF1DA2H;
 513   2            CAN_Rx_Buf[4] = CAN0IF1DB1L;
 514   2            CAN_Rx_Buf[5] = CAN0IF1DB1H;
 515   2            CAN_Rx_Buf[6] = CAN0IF1DB2L;
 516   2            CAN_Rx_Buf[7] = CAN0IF1DB2H;
 517   2            CAN_RX_COMPLETE = 1;
 518   2        
 519   2        if(Interrupt_ID == Broadcast_ID  && CAN_Rx_Buf[2] == IPM_ID)
 520   2        {
 521   3          if( CAN_Rx_Buf[1] == 0x01)
 522   3          {
 523   4            switch(CAN_Rx_Buf[0])
 524   4            {
 525   5              case 0x01: Yunzhuanwei(); break;
 526   5              case 0x02: Chuzhiwei(); break;
 527   5              case 0x04: Quanzhidongwei(); break;
 528   5              case 0x08: Yizhiwei(); break;
 529   5              case 0x10: Chonglianwei(); break;
 530   5              case 0x20: Jinjiwei(); break;
 531   5              default:break;
 532   5            }
 533   4        
 534   4            CAN_Tx_Buf[0] = CAN_Rx_Buf[0];
 535   4            CAN_Tx_Buf[1] = CAN_Rx_Buf[1];
 536   4            CAN_Tx_Buf[2] = ERCP_ID;
 537   4            CAN_Tx_Buf[3] = FaultCode;
 538   4            CAN_Tx_Buf[4] = pressureERT_H;
 539   4            CAN_Tx_Buf[5] = pressureERT_L;
 540   4            CAN_Tx_Buf[6] = pressureMRT_H;
 541   4            CAN_Tx_Buf[7] = pressureMRT_L;
 542   4            CAN0_TransferMO(IPM_ID);
 543   4            CAN0_TransferMO(BPCP_ID);
 544   4          }
 545   3        }
 546   2         }
 547   1         // If an error occured, simply update the global variable and continue
 548   1         if (status & LEC)
 549   1         {
 550   2             // The LEC bits identify the type of error, but those are grouped here
 551   2             if ((status & LEC) != 0x07)
C51 COMPILER V9.53.0.0   MAIN                                                              05/31/2017 16:29:44 PAGE 10  

 552   2             {
 553   3                CAN_ERROR = 1;
 554   3             }
 555   2         }
 556   1      
 557   1         if (status & BOff)
 558   1         {
 559   2            CAN_ERROR = 1;
 560   2         }
 561   1      
 562   1         if (status & EWarn)
 563   1         {
 564   2            CAN_ERROR = 1;
 565   2         }
 566   1      
 567   1         // Old SFRPAGE is popped off stack when ISR exits
 568   1      }
 569          INTERRUPT (TIMER0_ISR, INTERRUPT_TIMER0)
 570          {
 571   1        TF0 = 0;
 572   1        TL0       = 0x90; 
 573   1        TH0       = 0xE8;     //3ms,based on 2MHz clock 
 574   1      
 575   1        PIDControl();
 576   1        
 577   1      }
 578          INTERRUPT (TIMER2_ISR, INTERRUPT_TIMER2)
 579          {
 580   1      
 581   1      //  DisplayNumber(2);
 582   1         TF2H = 0;                           // Reset Interrupt
 583   1            // Set up the AMUX for the next ADC input
 584   1         if (AMUX_INPUT == (ANALOG_INPUTS - 1))
 585   1         {
 586   2            ADC0MX = PIN_TABLE[0] | 0x10;
 587   2         }
 588   1         else
 589   1         {
 590   2            ADC0MX = PIN_TABLE[AMUX_INPUT+1] | 0x10;
 591   2         }
 592   1         //SendMessageCAN0(EPCU_ERCP_MO,g_uTx_Data1);
 593   1         
 594   1      }
 595          
 596          
 597          INTERRUPT (TIMER3_ISR, INTERRUPT_TIMER3)
 598          {
 599   1        TMR3CN &= 0x7F;//clear flag
 600   1      
 601   1        PWM_APP *= 100;
 602   1        PWM_REL *= 100;
 603   1      
 604   1        PWM_Count++;
 605   1      
 606   1        if(PWM_Count > PWM_Period)
 607   1          PWM_Count = 0;
 608   1      
 609   1        if(PWM_Count < PWM_APP)
 610   1          APP_ON;
 611   1        else 
 612   1          APP_OFF;
 613   1      
C51 COMPILER V9.53.0.0   MAIN                                                              05/31/2017 16:29:44 PAGE 11  

 614   1        if(PWM_Count < PWM_REL)
 615   1          REL_ON;
 616   1        else
 617   1          REL_OFF;
 618   1      
 619   1      }
 620          
 621          
 622          INTERRUPT (ADC0_ISR, INTERRUPT_ADC0_EOC)
 623          {
 624   1         static U16 int_dec = INT_DEC;       // Integrate/decimate counter
 625   1                                             // A new result is posted when
 626   1                                             // int_dec is 0
 627   1        
 628   1         U8 i;                               // Loop counter
 629   1      
 630   1      
 631   1         AD0INT = 0;                         // Clear ADC conversion complete
 632   1                                             // overflow
 633   1      
 634   1      
 635   1         accumulator[AMUX_INPUT] += ADC0;    // Read the ADC value and add it to the
 636   1                                             // running total
 637   1      
 638   1         // Reset sample counter <int_dec> and <AMUX_INPUT> if the final input was
 639   1         // just read
 640   1         if(AMUX_INPUT == (ANALOG_INPUTS - 1))
 641   1         {
 642   2            int_dec--;                       // Update decimation counter
 643   2                                             // when the last of the analog inputs
 644   2                                             // is sampled
 645   2      
 646   2            if (int_dec == 0)                // If zero, then post the averaged
 647   2            {                                // results
 648   3               int_dec = INT_DEC;            // Reset counter
 649   3      
 650   3               // Copy each averaged ADC0 value into the RESULT array
 651   3               for(i = 0; i < ANALOG_INPUTS; i++)
 652   3               {
 653   4                  // Copy averaged values into RESULT
 654   4                  RESULT[i] = accumulator[i] / int_dec;
 655   4      
 656   4                  // Reset accumulators
 657   4                  accumulator[i] = 0x00000000;
 658   4               }
 659   3            }
 660   2      
 661   2            AMUX_INPUT = 0;                  // Reset input index back to P0.1
 662   2         }
 663   1         // Otherwise, increment the AMUX channel counter
 664   1         else
 665   1         {
 666   2            AMUX_INPUT++;                    // Step to the next analog mux input
 667   2         }
 668   1         //smg_display(0xe,0xa,0xc,18);
 669   1      }
 670          
 671          
 672          
 673          
 674          
 675          void Yunzhuanwei()
C51 COMPILER V9.53.0.0   MAIN                                                              05/31/2017 16:29:44 PAGE 12  

 676          {
 677   1        RelayON;
 678   1        APP_ON;
 679   1        REL_OFF;
 680   1      }
 681          void Chuzhiwei()
 682          {
 683   1        Target_ERT_Pressure = 50;
 684   1        RelayON;
 685   1      }
 686          
 687          void Quanzhidongwei()
 688          {
 689   1        RelayON;
 690   1        Target_ERT_Pressure = 170;
 691   1      }
 692          
 693          void Yizhiwei()
 694          {
 695   1        RelayON;
 696   1        Target_ERT_Pressure = 170;
 697   1      }
 698          
 699          void Chonglianwei()
 700          {
 701   1        RelayON;
 702   1        Target_ERT_Pressure = 0;
 703   1      }
 704          
 705          void Jinjiwei()
 706          {
 707   1        RelayON;
 708   1        Target_ERT_Pressure = 0;
 709   1      }
 710          
 711          //-----------------------------------------------------------------------------
 712          // End Of File
 713          //-----------------------------------------------------------------------------


MODULE INFORMATION:   STATIC OVERLAYABLE
   CODE SIZE        =   2592    ----
   CONSTANT SIZE    =   ----    ----
   XDATA SIZE       =     95      14
   PDATA SIZE       =   ----    ----
   DATA SIZE        =   ----    ----
   IDATA SIZE       =   ----    ----
   BIT SIZE         =      1    ----
END OF MODULE INFORMATION.


C51 COMPILATION COMPLETE.  0 WARNING(S),  0 ERROR(S)
