C51 COMPILER V9.53.0.0   MAIN                                                              06/09/2017 23:57:06 PAGE 1   


C51 COMPILER V9.53.0.0, COMPILATION OF MODULE MAIN
OBJECT MODULE PLACED IN main.OBJ
COMPILER INVOKED BY: F:\Keil_v5\C51\BIN\c51.exe main.c DB OE BR INCDIR(c:\SiLabs\MCU\Inc)

line level    source

   1          //-----------------------------------------------------------------------------
   2          // Includes
   3          //-----------------------------------------------------------------------------
   4          #include "compiler_defs.h"
   5          #include "C8051F500_defs.h"            // SFR declarations
   6          
   7          //-----------------------------------------------------------------------------
   8          // Type Definitions
   9          //-----------------------------------------------------------------------------
  10          
  11          typedef union UU64
  12          {
  13             U32 U32[2];
  14             U16 U16[4];
  15             U8 U8[8];
  16          } UU64;
  17          
  18          //-----------------------------------------------------------------------------
  19          // Function Prototypes
  20          //-----------------------------------------------------------------------------
  21          
  22          void OSCILLATOR_Init (void);
  23          void PORT_Init (void);
  24          void CAN0_Init (void);
  25          void ADC0_Init(void);
  26          void Timer2_Init(void);
  27          void delay(U16 time);
  28          void DisplayNumber(U16 i);
  29          void CAN0_TransferMO (U8 obj_num);
  30          void Yunzhuanwei(void);
  31          void Chuzhiwei(void);
  32          void Quanzhidongwei(void);
  33          void Yizhiwei(void);
  34          void Chonglianwei(void);
  35          void Jinjiwei(void);
  36          
  37          INTERRUPT_PROTO (CAN0_ISR, INTERRUPT_CAN0);
  38          INTERRUPT_PROTO (TIMER2_ISR, INTERRUPT_TIMER2);
  39          U32 TxCount;
  40          
  41          //-----------------------------------------------------------------------------
  42          // Global Constants
  43          //-----------------------------------------------------------------------------
  44          
  45          #define SYSCLK       24000000          // System clock speed in Hz
  46          
  47          #define MESSAGE_OBJECTS    32          // Number of message objects to use
  48                                                 // Range is 1-32
  49          #define MESSAGE_SIZE        8          // Size in bytes of each CAN message
  50                                                 // Range is 1-8
  51          
  52          #define RX_COMPLETE_MASK  0xFFFFFFFF   // Set this to (2^MESSAGE_OBJECTS - 1)
  53          
  54          //-----------------------------------------------------------------------------
  55          // Bit Definition Masks
C51 COMPILER V9.53.0.0   MAIN                                                              06/09/2017 23:57:06 PAGE 2   

  56          //-----------------------------------------------------------------------------
  57          
  58          // CAN0STAT
  59          #define BOff  0x80                     // Busoff Status
  60          #define EWarn 0x40                     // Warning Status
  61          #define EPass 0x20                     // Error Passive
  62          #define RxOk  0x10                     // Receive Message Successfully
  63          #define TxOk  0x08                     // Transmitted Message Successfully
  64          #define LEC   0x07                     // Last Error Code
  65          
  66          //-----------------------------------------------------------------------------
  67          // Pin Definitions
  68          //-----------------------------------------------------------------------------
  69          
  70          SBIT (LED, SFR_P1, 3);                 // LED = 1 turns on the LED
  71          
  72          //-----------------------------------------------------------------------------
  73          // Global Variables
  74          //-----------------------------------------------------------------------------
  75          #define IPM_ID 0x001
  76          #define EBV_ID 0x002
  77          #define Broadcast_ID 0x003
  78          #define ERCP_ID 0x010
  79          #define BPCP_ID 0x011
  80          #define CP16_ID 0x012
  81          #define TIMER2_RELOAD  200000000
  82          #define ANALOG_INPUTS    4
  83          #define MV53_ON (P1 &= ~0x40)
  84          #define MV53_OFF (P1 |= 0x40)
  85          #define MVEM_ON ( P2 &= ~0x40)
  86          #define MVEM_OFF (P2 |= 0x40)
  87          #define EMV_ON (P2 &= ~0x80)
  88          #define EMV_OFF (P2 |= 0x80)
  89          //dispaly number define
  90          U8 dis[10]={ 0xC0,0xF9,0xA4,0xB0,0x99,0x92,0x82,0xF8,0x80,0x90 };
  91                             //   0    1    2    3    4    5    6    7    8    9 
  92          bit CAN_ERROR = 0;                     // 0 = No Errors occurred
  93                                                 // 1 = Some error(s) occurred
  94          U8 FaultCode = 0x00;               //report fault
  95          
  96          U8 CAN_Tx_Buf[8] = {0xf1, 0x02, 0x03, 0x04, 0x05, 0x06, 0x07, 0x08};
  97          U8 CAN_Rx_Buf[8];
  98          U8 CAN_RX_COMPLETE;                  
  99          U8 Rx_ERCP_OK = 0;
 100          
 101          U8 PIN_TABLE[ANALOG_INPUTS] = {0x00, 0x01, 0x02, 0x03};
 102          U8 AMUX_INPUT = 0;
 103          
 104          //-----------------------------------------------------------------------------
 105          // MAIN Routine
 106          //-----------------------------------------------------------------------------
 107          
 108          void main (void)
 109          {
 110   1      
 111   1         SFRPAGE = ACTIVE_PAGE;              // Set for PCA0MD
 112   1      
 113   1         PCA0MD &= ~0x40;                    // Disable Watchdog Timer
 114   1      
 115   1         OSCILLATOR_Init ();                 // Initialize oscillator
 116   1         PORT_Init ();                       // Initialize crossbar and GPIO
 117   1         CAN0_Init ();                       // Start CAN peripheral
C51 COMPILER V9.53.0.0   MAIN                                                              06/09/2017 23:57:06 PAGE 3   

 118   1         ADC0_Init ();
 119   1         Timer2_Init ();
 120   1      
 121   1         EIE2 |= 0x02;                       // Enable CAN interupts
 122   1         EA = 1;                             // Enable global interrupts
 123   1         P2 |= 0xC0;
 124   1         while (1)
 125   1         {
 126   2                      DisplayNumber(2);
 127   2                      if(Rx_ERCP_OK)
 128   2                      {
 129   3                              CAN0_TransferMO (CP16_ID);
 130   3                              CAN0_TransferMO(IPM_ID);
 131   3                              Rx_ERCP_OK = 0;
 132   3                      
 133   3                      }
 134   2         }
 135   1      }
 136          
 137          //-----------------------------------------------------------------------------
 138          // Initialization Subroutines
 139          //-----------------------------------------------------------------------------
 140          
 141          void OSCILLATOR_Init (void)
 142          {
 143   1         U8 SFRPAGE_save = SFRPAGE;
 144   1         SFRPAGE = CONFIG_PAGE;
 145   1      
 146   1         OSCICN = 0x87;                      // Set internal oscillator divider to 1
 147   1      
 148   1         SFRPAGE = SFRPAGE_save;
 149   1      }
 150          
 151          //-----------------------------------------------------------------------------
 152          // PORT_Init
 153          //-----------------------------------------------------------------------------
 154          
 155          void PORT_Init (void)
 156          {
 157   1         U8 SFRPAGE_save = SFRPAGE;
 158   1         SFRPAGE  = CONFIG_PAGE;             // Port SFR's on Configuration page
 159   1      
 160   1         P0MDOUT  |= 0x40;                   // P0.6 (CAN0 TX) is push-pull
 161   1         P1MDOUT  |= 0x08;                   // P1.3 (LED) is push-pull
 162   1         P1MDOUT &= 0xbf;                                             //P1^6 open drain for relay
 163   1        // P2MDIN |= 0xf0;                                             //ADC
 164   1        // P2SKIP |= 0x0f;                                             //ADC
 165   1         P2MDOUT |= 0xc0;                    //P2.6/7 for driving mosfet
 166   1         P3MDOUT |= 0xff;                            //P3 is push-pull to drive the LED.
 167   1         P4MDOUT |= 0x03;                            //P4   
 168   1      
 169   1         XBR0     = 0x02;                    // Enable CAN0 on Crossbar
 170   1         XBR2     = 0x40;                    // Enable Crossbar and weak pull-ups
 171   1      
 172   1         SFRPAGE = SFRPAGE_save;
 173   1      }
 174          
 175          //-----------------------------------------------------------------------------
 176          // ADC0_Init
 177          //-----------------------------------------------------------------------------
 178          void ADC0_Init(void)
 179          {
C51 COMPILER V9.53.0.0   MAIN                                                              06/09/2017 23:57:06 PAGE 4   

 180   1              U8 SFRPAGE_save = SFRPAGE;
 181   1              SFRPAGE = ACTIVE_PAGE;
 182   1      
 183   1              ADC0CF |= 0x01;
 184   1              ADC0H = 0x04;
 185   1              ADC0L = 0x6c;
 186   1              ADC0H = 0x07;
 187   1              ADC0L = 0xa0;
 188   1              ADC0H = 0x08;
 189   1              ADC0L = 0x01;
 190   1              ADC0CF &= ~0x01;
 191   1      
 192   1              ADC0CN = 0x10;           //0 start by writing 1 to AD0BUSY, 1 start by overflow of timer 1 , 3 by timer 2
 193   1      
 194   1              REF0CN = 0x33;
 195   1      
 196   1              ADC0MX = 0x10| PIN_TABLE[AMUX_INPUT];
 197   1      
 198   1              ADC0CF = ((SYSCLK /3000000) - 1) << 3;
 199   1      
 200   1      //      EIE1 |= 0x04;
 201   1      
 202   1              AD0EN = 1;
 203   1      
 204   1              SFRPAGE = SFRPAGE_save;
 205   1      
 206   1      }
 207          
 208          
 209          //-----------------------------------------------------------------------------
 210          // Timer2_Init
 211          //-----------------------------------------------------------------------------
 212          void Timer2_Init(void)
 213          {
 214   1         U8 SFRPAGE_save = SFRPAGE;
 215   1         SFRPAGE = ACTIVE_PAGE;
 216   1      
 217   1         CKCON &= ~0x30;                     // Timer2 uses SYSCLK/12
 218   1         TMR2CN &= ~0x01;
 219   1      
 220   1         TMR2RL = TIMER2_RELOAD;             // Reload value to be used in Timer2
 221   1         TMR2 = TMR2RL;                      // Init the Timer2 register
 222   1      
 223   1         TMR2CN = 0x04;                      // Enable Timer2 in auto-reload mode
 224   1         ET2 = 1;                            // Timer2 interrupt enabled
 225   1      
 226   1         SFRPAGE = SFRPAGE_save;
 227   1      }
 228          //-----------------------------------------------------------------------------
 229          // CAN0_Init
 230          //-----------------------------------------------------------------------------
 231          void CAN0_Init (void)
 232          {
 233   1         U8 iter;
 234   1      
 235   1         U8 SFRPAGE_save = SFRPAGE;
 236   1         SFRPAGE  = CAN0_PAGE;               // All CAN register are on page 0x0C
 237   1      
 238   1         CAN0CN |= 0x01;                     // Start Intialization mode
 239   1      
 240   1         //---------Initialize general CAN peripheral settings
 241   1      
C51 COMPILER V9.53.0.0   MAIN                                                              06/09/2017 23:57:06 PAGE 5   

 242   1         CAN0CN |= 0x4E;                     // Enable Status, Error,
 243   1                                             // Module Interrupts
 244   1                                             // Enable access to bit timing register
 245   1      
 246   1         // See the CAN Bit Timing Spreadsheet for how to calculate this value
 247   1         CAN0BT = 0x1402;                    // Based on 24 Mhz CAN clock, set the
 248   1                                             // CAN bit rate to 1 Mbps
 249   1      
 250   1         //---------Initialize settings common to all message objects
 251   1      
 252   1         // Command Mask Register
 253   1         CAN0IF1CM = 0x00F0;                 // Write Operation
 254   1                                             // Transfer ID Mask, MDir, MXtd
 255   1                                             // Transfer ID, Dir, Xtd, MsgVal
 256   1                                             // Transfer Control Bits
 257   1                                             // Don't set TxRqst or transfer data
 258   1      
 259   1         // Mask Registers
 260   1         CAN0IF1M1 = 0x0000;                 // Mask Bits 15-0 not used for filtering
 261   1         CAN0IF1M2 = 0x5FFC;                 // Ignore Extended Identifier for
 262   1                                             // filtering
 263   1                                             // Used Direction bit for filtering
 264   1                                             // Use ID bits 28-18 for filtering
 265   1      
 266   1         // Arbitration Registers
 267   1         CAN0IF1A1 = 0x0000;                 // 11-bit ID, so lower 16-bits not used
 268   1      
 269   1         // Message Control Registers
 270   1         CAN0IF1MC = 0x1480 | MESSAGE_SIZE;  // Enable Receive Interrupt
 271   1                                             // Message Object is a Single Message
 272   1                                             // Message Size set by #define
 273   1      
 274   1      
 275   1         //---------Initialize unique settings for Rx message object
 276   1      
 277   1         // Arbitration Registers
 278   1         CAN0IF1A2 = 0x8000 | (BPCP_ID << 2);  // Set MsgVal to valid
 279   1                                               // Set Object Direction to read
 280   1                                               // Set 11-bit Identifier to iter
 281   1      
 282   1         CAN0IF1CR = BPCP_ID;                // Start command request
 283   1      
 284   1            while (CAN0IF1CRH & 0x80) {}       // Poll on Busy bit
 285   1                   // Arbitration Registers
 286   1         CAN0IF1A2 = 0x8000 | (Broadcast_ID << 2);  // Set MsgVal to valid
 287   1                                               // Set Object Direction to read
 288   1                                               // Set 11-bit Identifier to iter
 289   1      
 290   1         CAN0IF1CR = Broadcast_ID;                // Start command request
 291   1      
 292   1            while (CAN0IF1CRH & 0x80) {}       // Poll on Busy bit
 293   1      
 294   1         // Message Control Registers
 295   1         CAN0IF1MC = 0x0080 | MESSAGE_SIZE;  // Disable Transmit Interrupt
 296   1                                             // Message Object is a Single Message
 297   1                                             // Message Size set by #define
 298   1      
 299   1         //---------Initialize unique settings for Tx message object
 300   1         // Arbitration Registers
 301   1         CAN0IF1A2 = 0xA000 | (CP16_ID << 2);  // Set MsgVal to valid
 302   1                                               // Set Direction to write
 303   1                                               // Set 11-bit Identifier to iter
C51 COMPILER V9.53.0.0   MAIN                                                              06/09/2017 23:57:06 PAGE 6   

 304   1      
 305   1         CAN0IF1CR = CP16_ID;                // Start command request
 306   1      
 307   1         while (CAN0IF1CRH & 0x80) {}       // Poll on Busy bit
 308   1      
 309   1         CAN0IF1A2 = 0xA000 | (IPM_ID<< 2);  // Set MsgVal to valid
 310   1                                               // Set Direction to write
 311   1                                               // Set 11-bit Identifier to iter
 312   1      
 313   1         CAN0IF1CR = IPM_ID;                // Start command request
 314   1      
 315   1         while (CAN0IF1CRH & 0x80) {}       // Poll on Busy bit
 316   1      
 317   1         //---------Initialize settings for unused message objects
 318   1      
 319   1         for (iter = 0; iter < MESSAGE_OBJECTS; iter++)
 320   1         {
 321   2              if(iter != BPCP_ID && iter != CP16_ID && iter != Broadcast_ID && iter != IPM_ID)
 322   2               {
 323   3            // Set remaining message objects to be Ignored
 324   3            CAN0IF1A2 = 0x0000;              // Set MsgVal to 0 to Ignore
 325   3            CAN0IF1CR = iter;                // Start command request
 326   3      
 327   3            while (CAN0IF1CRH & 0x80) {}     // Poll on Busy bit
 328   3                }
 329   2         }
 330   1      
 331   1         CAN0CN &= ~0x41;                    // Return to Normal Mode and disable
 332   1                                             // access to bit timing register
 333   1      
 334   1         SFRPAGE = SFRPAGE_save;
 335   1      }
 336          
 337          void CAN0_TransferMO (U8 obj_num)
 338          {
 339   1         // This function assumes that the message object is fully initialized
 340   1         // in CAN0_Init and so all it has to do is fill the data registers and
 341   1         // initiate transmission
 342   1      
 343   1         U8 SFRPAGE_save = SFRPAGE;
 344   1         SFRPAGE  = CAN0_PAGE;               // All CAN register are on page 0x0C
 345   1      
 346   1         // Initialize all 8 data bytes even though they might not be sent
 347   1         // The number to send was configured earlier by setting Message Control
 348   1      
 349   1         CAN0IF1DA1L = *CAN_Tx_Buf;              // Initialize data registers based
 350   1         CAN0IF1DA1H = *(CAN_Tx_Buf + 1);          // on message object used
 351   1         CAN0IF1DA2L = *(CAN_Tx_Buf + 2);
 352   1         CAN0IF1DA2H = *(CAN_Tx_Buf + 3);
 353   1         CAN0IF1DB1L = *(CAN_Tx_Buf + 4);
 354   1         CAN0IF1DB1H = *(CAN_Tx_Buf + 5);
 355   1         CAN0IF1DB2L = *(CAN_Tx_Buf + 6);
 356   1         CAN0IF1DB2H = *(CAN_Tx_Buf + 7);
 357   1      
 358   1         CAN0IF1CM = 0x0087;                 // Set Direction to Write
 359   1                                             // Write TxRqst, all 8 data bytes
 360   1      
 361   1         CAN0IF1CR = obj_num;                // Start command request
 362   1      
 363   1         while (CAN0IF1CRH & 0x80) {}        // Poll on Busy bit
 364   1      
 365   1         SFRPAGE = SFRPAGE_save;
C51 COMPILER V9.53.0.0   MAIN                                                              06/09/2017 23:57:06 PAGE 7   

 366   1      }
 367          //-----------------------------------------------------------------------------
 368          // Interrupt Service Routines
 369          //-----------------------------------------------------------------------------
 370          
 371          //-----------------------------------------------------------------------------
 372          // CAN0_ISR
 373          //-----------------------------------------------------------------------------
 374          INTERRUPT (CAN0_ISR, INTERRUPT_CAN0)
 375          {
 376   1         U8 carry;
 377   1         UU32 new_data;
 378   1      
 379   1         // SFRPAGE is set to CAN0_Page automatically when ISR starts
 380   1      
 381   1         U8 status = CAN0STAT;               // Read status, which clears the Status
 382   1                                             // Interrupt bit pending in CAN0IID
 383   1      
 384   1         U8 Interrupt_ID = CAN0IID;          // Read which message object caused
 385   1                                             // the interrupt
 386   1         // The CAN0ND registers tell which of the 32 message objects are new.
 387   1         // Read data from CAN registers and perform 1-bit right shift with carry
 388   1         new_data.U8[b0] = CAN0ND1L;         // With a big endian compiler, assign LSB
 389   1         new_data.U8[b1] = CAN0ND1H;
 390   1         new_data.U8[b2] = CAN0ND2L;
 391   1         new_data.U8[b3] = CAN0ND2H;         // Assign MSB
 392   1         carry = new_data.U8[b0] & 0x01;     // Store carry bit
 393   1         new_data.U32 = new_data.U32 >> 1;   // Perform 1-bit shift to realign
 394   1      
 395   1         if (carry)
 396   1         { // Add carry if necessary
 397   2            new_data.U8[b3] = new_data.U8[b3] | 0x80;
 398   2         }
 399   1      
 400   1         // new_data variable will now tell which message object is new.
 401   1      
 402   1         CAN0IF1CM = 0x007F;                 // Read all of message object to IF1
 403   1                                             // Clear IntPnd and newData
 404   1      
 405   1         CAN0IF1CR = Interrupt_ID;           // Start command request
 406   1      
 407   1         while (CAN0IF1CRH & 0x80) {}           // Poll on Busy bit
 408   1      
 409   1         if (status & RxOk )                  // If transmit completed successfully
 410   1         {
 411   2             // Read all 8 data bytes to rxdata, even though they might not be valid
 412   2            CAN_Rx_Buf[0] = CAN0IF1DA1L;
 413   2            CAN_Rx_Buf[1] = CAN0IF1DA1H;
 414   2            CAN_Rx_Buf[2] = CAN0IF1DA2L;
 415   2            CAN_Rx_Buf[3] = CAN0IF1DA2H;
 416   2            CAN_Rx_Buf[4] = CAN0IF1DB1L;
 417   2            CAN_Rx_Buf[5] = CAN0IF1DB1H;
 418   2            CAN_Rx_Buf[6] = CAN0IF1DB2L;
 419   2            CAN_Rx_Buf[7] = CAN0IF1DB2H;
 420   2            CAN_RX_COMPLETE = 1;
 421   2              
 422   2              if(Interrupt_ID == BPCP_ID && CAN_Rx_Buf[3] == ERCP_ID && CAN_Rx_Buf[4] == 0x00)
 423   2              {
 424   3                      Rx_ERCP_OK = 1;
 425   3              }
 426   2              else if(Interrupt_ID == Broadcast_ID  && CAN_Rx_Buf[3] == IPM_ID)
 427   2              {Rx_ERCP_OK = 1;
C51 COMPILER V9.53.0.0   MAIN                                                              06/09/2017 23:57:06 PAGE 8   

 428   3                      if( CAN_Rx_Buf[1] == 0x01)
 429   3                      {
 430   4                              switch(CAN_Rx_Buf[0])
 431   4                              {
 432   5                                      case 0x01: Yunzhuanwei(); break;
 433   5                                      case 0x02: Chuzhiwei(); break;
 434   5                                      case 0x04: Quanzhidongwei(); break;
 435   5                                      case 0x08: Yizhiwei(); break;
 436   5                                      case 0x10: Chonglianwei(); break;
 437   5                                      case 0x20: Jinjiwei(); break;
 438   5                                      default:break;
 439   5                              }
 440   4                      CAN_Tx_Buf[0] = CAN_Rx_Buf[0];
 441   4                      CAN_Tx_Buf[1] = CAN_Rx_Buf[1];
 442   4                      CAN_Tx_Buf[3] = BPCP_ID;
 443   4                      CAN_Tx_Buf[4] = FaultCode;
 444   4              //      CAN0_TransferMO (CP16_ID);
 445   4      
 446   4                      }
 447   3                      else if ( CAN_Rx_Buf[1] == 0x11)
 448   3                      {
 449   4                              
 450   4                      }
 451   3              }
 452   2         }
 453   1         // If an error occured, simply update the global variable and continue
 454   1         if (status & LEC)
 455   1         {
 456   2             // The LEC bits identify the type of error, but those are grouped here
 457   2             if ((status & LEC) != 0x07)
 458   2             {
 459   3                CAN_ERROR = 1;
 460   3             }
 461   2         }
 462   1      
 463   1         if (status & BOff)
 464   1         {
 465   2            CAN_ERROR = 1;
 466   2         }
 467   1      
 468   1         if (status & EWarn)
 469   1         {
 470   2            CAN_ERROR = 1;
 471   2         }
 472   1      
 473   1         // Old SFRPAGE is popped off stack when ISR exits
 474   1      }
 475          
 476          INTERRUPT (TIMER2_ISR, INTERRUPT_TIMER2)
 477          {
 478   1      
 479   1      //      DisplayNumber(2);
 480   1         TF2H = 0;                           // Reset Interrupt
 481   1              TxCount++;
 482   1              if(TxCount>10000 && CAN_Rx_Buf[1] == 0x01)
 483   1              {
 484   2                      TxCount=0;
 485   2                      CAN_Tx_Buf[0] = CAN_Rx_Buf[0];
 486   2                      CAN_Tx_Buf[1] = CAN_Rx_Buf[1];
 487   2                      CAN_Tx_Buf[2] = BPCP_ID;
 488   2                      CAN_Tx_Buf[3] = FaultCode;
 489   2                      CAN_Tx_Buf[4] = 300>>8&0xff;
C51 COMPILER V9.53.0.0   MAIN                                                              06/09/2017 23:57:06 PAGE 9   

 490   2                      CAN_Tx_Buf[5] = 300&0xff;
 491   2                      CAN_Tx_Buf[6] = 700>>8&0xff;
 492   2                      CAN_Tx_Buf[7] = 700&0xff;
 493   2                      CAN0_TransferMO(IPM_ID);
 494   2              }
 495   1      }
 496          
 497          
 498          //for delay time
 499          void delay(U16 time)         //int型数据为16位,所以最大值为65535            
 500           {
 501   1        U16  i,j;             //定义变量i,j,用于循环语句 
 502   1        for(i=0;i<time;i++)    //for循环,循环50*time次
 503   1           for(j=0;j<100;j++); //for循环,循环50次
 504   1       }
 505          
 506           //display number
 507          void DisplayNumber(U16 i)
 508          {
 509   1              
 510   1              P3 |= dis[i/1000];
 511   1              P4 = 0x01;
 512   1              P4 = 0x00;
 513   1              P3 = 0x01;     //chose the thousand
 514   1              P4 = 0x02;
 515   1              P4 = 0x00;
 516   1              delay(10);
 517   1              P3 &= 0x00;
 518   1      
 519   1      
 520   1      
 521   1              P3 |= dis[(i%1000)/100];
 522   1              P4 = 0x01;
 523   1              P4 = 0x00;
 524   1              P3 = 0x02;
 525   1              P4 = 0x02;
 526   1              P4 = 0x00;
 527   1              delay(10);
 528   1              P3 = 0x00;
 529   1      
 530   1      
 531   1      
 532   1      
 533   1              P3 |= dis[(i%100) / 10];
 534   1              P4 = 0x01;
 535   1              P4 = 0x00;
 536   1              P3 = 0x04;
 537   1              P4 = 0x02;
 538   1              P4 = 0x00;
 539   1              delay(10);
 540   1              P3 &= 0x00;
 541   1      
 542   1      
 543   1              P3 = 0;
 544   1              P3 |= dis[i%10];
 545   1              P4 = 0x01;
 546   1              P4 = 0x00;
 547   1              P3 = 0x08;
 548   1              P4 = 0x02;
 549   1              P4 = 0x00;
 550   1              delay(10);
 551   1              P3 &= 0x00;
C51 COMPILER V9.53.0.0   MAIN                                                              06/09/2017 23:57:06 PAGE 10  

 552   1              
 553   1      
 554   1      }
 555          
 556          void Yunzhuanwei()
 557          {
 558   1              MV53_OFF;
 559   1              MVEM_OFF;
 560   1      }
 561          void Chuzhiwei()
 562          {
 563   1              MV53_OFF;
 564   1              MVEM_OFF;
 565   1      }
 566          
 567          void Quanzhidongwei()
 568          {
 569   1              MV53_OFF;
 570   1              MVEM_OFF;
 571   1      }
 572          
 573          void Yizhiwei()
 574          {
 575   1              MV53_OFF;
 576   1              MVEM_OFF;
 577   1      }
 578          
 579          void Chonglianwei()
 580          {
 581   1              MV53_OFF;
 582   1              MVEM_OFF;
 583   1      }
 584          
 585          void Jinjiwei()
 586          {
 587   1              MV53_ON;
 588   1              MVEM_ON;
 589   1      }
 590          
 591          //-----------------------------------------------------------------------------
 592          // End Of File
 593          //-----------------------------------------------------------------------------
 594          


MODULE INFORMATION:   STATIC OVERLAYABLE
   CODE SIZE        =   1073    ----
   CONSTANT SIZE    =   ----    ----
   XDATA SIZE       =   ----    ----
   PDATA SIZE       =   ----    ----
   DATA SIZE        =     38       7
   IDATA SIZE       =   ----    ----
   BIT SIZE         =      1    ----
END OF MODULE INFORMATION.


C51 COMPILATION COMPLETE.  0 WARNING(S),  0 ERROR(S)
